[ Info:  started timer at: 2024-05-24T14:54:40.916
[ Info:  started timer at: 2024-05-24T14:54:41.324
[ Info:  started timer at: 2024-05-24T14:54:41.382
[ Info:  started timer at: 2024-05-24T14:54:41.787
srun: Job 26008592 step creation temporarily disabled, retrying (Requested nodes are busy)
srun: Job 26008592 step creation temporarily disabled, retrying (Requested nodes are busy)
srun: Job 26008592 step creation temporarily disabled, retrying (Requested nodes are busy)
srun: Job 26008592 step creation temporarily disabled, retrying (Requested nodes are busy)
srun: Job 26008592 step creation still disabled, retrying (Requested nodes are busy)
srun: Job 26008592 step creation still disabled, retrying (Requested nodes are busy)
srun: Job 26008592 step creation still disabled, retrying (Requested nodes are busy)
srun: Job 26008592 step creation still disabled, retrying (Requested nodes are busy)
srun: Job 26008592 step creation still disabled, retrying (Requested nodes are busy)
srun: Job 26008592 step creation still disabled, retrying (Requested nodes are busy)
srun: Job 26008592 step creation still disabled, retrying (Requested nodes are busy)
srun: Job 26008592 step creation still disabled, retrying (Requested nodes are busy)
srun: Job 26008592 step creation still disabled, retrying (Requested nodes are busy)
srun: Job 26008592 step creation still disabled, retrying (Requested nodes are busy)
srun: Job 26008592 step creation still disabled, retrying (Requested nodes are busy)
srun: Job 26008592 step creation still disabled, retrying (Requested nodes are busy)
srun: Job 26008592 step creation still disabled, retrying (Requested nodes are busy)
srun: Job 26008592 step creation still disabled, retrying (Requested nodes are busy)
srun: Job 26008592 step creation still disabled, retrying (Requested nodes are busy)
srun: Job 26008592 step creation still disabled, retrying (Requested nodes are busy)
srun: Job 26008592 step creation still disabled, retrying (Requested nodes are busy)
srun: Job 26008592 step creation still disabled, retrying (Requested nodes are busy)
srun: Job 26008592 step creation still disabled, retrying (Requested nodes are busy)
srun: Job 26008592 step creation still disabled, retrying (Requested nodes are busy)
srun: Job 26008592 step creation still disabled, retrying (Requested nodes are busy)
srun: Job 26008592 step creation still disabled, retrying (Requested nodes are busy)
srun: Job 26008592 step creation still disabled, retrying (Requested nodes are busy)
srun: Job 26008592 step creation still disabled, retrying (Requested nodes are busy)
srun: Job 26008592 step creation still disabled, retrying (Requested nodes are busy)
srun: Job 26008592 step creation still disabled, retrying (Requested nodes are busy)
srun: Job 26008592 step creation still disabled, retrying (Requested nodes are busy)
srun: Job 26008592 step creation still disabled, retrying (Requested nodes are busy)
srun: Job 26008592 step creation still disabled, retrying (Requested nodes are busy)
srun: Job 26008592 step creation still disabled, retrying (Requested nodes are busy)
srun: Job 26008592 step creation still disabled, retrying (Requested nodes are busy)
srun: Job 26008592 step creation still disabled, retrying (Requested nodes are busy)
srun: Job 26008592 step creation still disabled, retrying (Requested nodes are busy)
srun: Job 26008592 step creation still disabled, retrying (Requested nodes are busy)
srun: Job 26008592 step creation still disabled, retrying (Requested nodes are busy)
srun: Job 26008592 step creation still disabled, retrying (Requested nodes are busy)
srun: Job 26008592 step creation still disabled, retrying (Requested nodes are busy)
srun: Job 26008592 step creation still disabled, retrying (Requested nodes are busy)
srun: Job 26008592 step creation still disabled, retrying (Requested nodes are busy)
srun: Job 26008592 step creation still disabled, retrying (Requested nodes are busy)
srun: Job 26008592 step creation still disabled, retrying (Requested nodes are busy)
srun: Job 26008592 step creation still disabled, retrying (Requested nodes are busy)
srun: Job 26008592 step creation still disabled, retrying (Requested nodes are busy)
srun: Job 26008592 step creation still disabled, retrying (Requested nodes are busy)
srun: Job 26008592 step creation still disabled, retrying (Requested nodes are busy)
srun: Job 26008592 step creation still disabled, retrying (Requested nodes are busy)
srun: Job 26008592 step creation still disabled, retrying (Requested nodes are busy)
srun: Job 26008592 step creation still disabled, retrying (Requested nodes are busy)
srun: Job 26008592 step creation still disabled, retrying (Requested nodes are busy)
srun: Job 26008592 step creation still disabled, retrying (Requested nodes are busy)
srun: Job 26008592 step creation still disabled, retrying (Requested nodes are busy)
srun: Job 26008592 step creation still disabled, retrying (Requested nodes are busy)
srun: Job 26008592 step creation still disabled, retrying (Requested nodes are busy)
srun: Job 26008592 step creation still disabled, retrying (Requested nodes are busy)
srun: Job 26008592 step creation still disabled, retrying (Requested nodes are busy)
srun: Job 26008592 step creation still disabled, retrying (Requested nodes are busy)
srun: Job 26008592 step creation still disabled, retrying (Requested nodes are busy)
srun: Job 26008592 step creation still disabled, retrying (Requested nodes are busy)
srun: Job 26008592 step creation still disabled, retrying (Requested nodes are busy)
srun: Job 26008592 step creation still disabled, retrying (Requested nodes are busy)
srun: Job 26008592 step creation still disabled, retrying (Requested nodes are busy)
srun: Job 26008592 step creation still disabled, retrying (Requested nodes are busy)
srun: Job 26008592 step creation still disabled, retrying (Requested nodes are busy)
srun: Job 26008592 step creation still disabled, retrying (Requested nodes are busy)
srun: Job 26008592 step creation still disabled, retrying (Requested nodes are busy)
srun: Job 26008592 step creation still disabled, retrying (Requested nodes are busy)
srun: Job 26008592 step creation still disabled, retrying (Requested nodes are busy)
srun: Job 26008592 step creation still disabled, retrying (Requested nodes are busy)
srun: Job 26008592 step creation still disabled, retrying (Requested nodes are busy)
srun: Job 26008592 step creation still disabled, retrying (Requested nodes are busy)
srun: Job 26008592 step creation still disabled, retrying (Requested nodes are busy)
srun: Job 26008592 step creation still disabled, retrying (Requested nodes are busy)
srun: Job 26008592 step creation still disabled, retrying (Requested nodes are busy)
srun: Job 26008592 step creation still disabled, retrying (Requested nodes are busy)
srun: Job 26008592 step creation still disabled, retrying (Requested nodes are busy)
srun: Job 26008592 step creation still disabled, retrying (Requested nodes are busy)
srun: Job 26008592 step creation still disabled, retrying (Requested nodes are busy)
srun: Job 26008592 step creation still disabled, retrying (Requested nodes are busy)
srun: Job 26008592 step creation still disabled, retrying (Requested nodes are busy)
srun: Job 26008592 step creation still disabled, retrying (Requested nodes are busy)
srun: Job 26008592 step creation still disabled, retrying (Requested nodes are busy)
srun: Job 26008592 step creation still disabled, retrying (Requested nodes are busy)
srun: Job 26008592 step creation still disabled, retrying (Requested nodes are busy)
srun: Job 26008592 step creation still disabled, retrying (Requested nodes are busy)
srun: Job 26008592 step creation still disabled, retrying (Requested nodes are busy)
srun: Job 26008592 step creation still disabled, retrying (Requested nodes are busy)
srun: Job 26008592 step creation still disabled, retrying (Requested nodes are busy)
srun: Job 26008592 step creation still disabled, retrying (Requested nodes are busy)
srun: Job 26008592 step creation still disabled, retrying (Requested nodes are busy)
srun: Job 26008592 step creation still disabled, retrying (Requested nodes are busy)
srun: Job 26008592 step creation still disabled, retrying (Requested nodes are busy)
srun: Job 26008592 step creation still disabled, retrying (Requested nodes are busy)
srun: Job 26008592 step creation still disabled, retrying (Requested nodes are busy)
srun: Job 26008592 step creation still disabled, retrying (Requested nodes are busy)
srun: Job 26008592 step creation still disabled, retrying (Requested nodes are busy)
srun: Job 26008592 step creation still disabled, retrying (Requested nodes are busy)
srun: Job 26008592 step creation still disabled, retrying (Requested nodes are busy)
srun: Job 26008592 step creation still disabled, retrying (Requested nodes are busy)
srun: Job 26008592 step creation still disabled, retrying (Requested nodes are busy)
srun: Job 26008592 step creation still disabled, retrying (Requested nodes are busy)
srun: Job 26008592 step creation still disabled, retrying (Requested nodes are busy)
srun: Job 26008592 step creation still disabled, retrying (Requested nodes are busy)
srun: Job 26008592 step creation still disabled, retrying (Requested nodes are busy)
srun: Job 26008592 step creation still disabled, retrying (Requested nodes are busy)
srun: Job 26008592 step creation still disabled, retrying (Requested nodes are busy)
srun: Job 26008592 step creation still disabled, retrying (Requested nodes are busy)
srun: Job 26008592 step creation still disabled, retrying (Requested nodes are busy)
srun: Job 26008592 step creation still disabled, retrying (Requested nodes are busy)
srun: Job 26008592 step creation still disabled, retrying (Requested nodes are busy)
srun: Job 26008592 step creation still disabled, retrying (Requested nodes are busy)
srun: Job 26008592 step creation still disabled, retrying (Requested nodes are busy)
srun: Job 26008592 step creation still disabled, retrying (Requested nodes are busy)
srun: Job 26008592 step creation still disabled, retrying (Requested nodes are busy)
srun: Job 26008592 step creation still disabled, retrying (Requested nodes are busy)
srun: Job 26008592 step creation still disabled, retrying (Requested nodes are busy)
srun: Job 26008592 step creation still disabled, retrying (Requested nodes are busy)
srun: Job 26008592 step creation still disabled, retrying (Requested nodes are busy)
srun: Job 26008592 step creation still disabled, retrying (Requested nodes are busy)
srun: Job 26008592 step creation still disabled, retrying (Requested nodes are busy)
srun: Job 26008592 step creation still disabled, retrying (Requested nodes are busy)
srun: Job 26008592 step creation still disabled, retrying (Requested nodes are busy)
srun: Job 26008592 step creation still disabled, retrying (Requested nodes are busy)
srun: Job 26008592 step creation still disabled, retrying (Requested nodes are busy)
srun: Job 26008592 step creation still disabled, retrying (Requested nodes are busy)
srun: Job 26008592 step creation still disabled, retrying (Requested nodes are busy)
srun: Job 26008592 step creation still disabled, retrying (Requested nodes are busy)
srun: Job 26008592 step creation still disabled, retrying (Requested nodes are busy)
srun: Job 26008592 step creation still disabled, retrying (Requested nodes are busy)
srun: Job 26008592 step creation still disabled, retrying (Requested nodes are busy)
srun: Job 26008592 step creation still disabled, retrying (Requested nodes are busy)
srun: Job 26008592 step creation still disabled, retrying (Requested nodes are busy)
srun: Job 26008592 step creation still disabled, retrying (Requested nodes are busy)
srun: Job 26008592 step creation still disabled, retrying (Requested nodes are busy)
srun: Job 26008592 step creation still disabled, retrying (Requested nodes are busy)
srun: Job 26008592 step creation still disabled, retrying (Requested nodes are busy)
srun: Job 26008592 step creation still disabled, retrying (Requested nodes are busy)
srun: Job 26008592 step creation still disabled, retrying (Requested nodes are busy)
srun: Job 26008592 step creation still disabled, retrying (Requested nodes are busy)
srun: Job 26008592 step creation still disabled, retrying (Requested nodes are busy)
srun: Job 26008592 step creation still disabled, retrying (Requested nodes are busy)
srun: Job 26008592 step creation still disabled, retrying (Requested nodes are busy)
srun: Job 26008592 step creation still disabled, retrying (Requested nodes are busy)
srun: Job 26008592 step creation still disabled, retrying (Requested nodes are busy)
srun: Job 26008592 step creation still disabled, retrying (Requested nodes are busy)
srun: Job 26008592 step creation still disabled, retrying (Requested nodes are busy)
srun: Job 26008592 step creation still disabled, retrying (Requested nodes are busy)
srun: Job 26008592 step creation still disabled, retrying (Requested nodes are busy)
srun: Job 26008592 step creation still disabled, retrying (Requested nodes are busy)
srun: Job 26008592 step creation still disabled, retrying (Requested nodes are busy)
srun: Job 26008592 step creation still disabled, retrying (Requested nodes are busy)
srun: Job 26008592 step creation still disabled, retrying (Requested nodes are busy)
srun: Job 26008592 step creation still disabled, retrying (Requested nodes are busy)
srun: Job 26008592 step creation still disabled, retrying (Requested nodes are busy)
srun: Job 26008592 step creation still disabled, retrying (Requested nodes are busy)
srun: Job 26008592 step creation still disabled, retrying (Requested nodes are busy)
srun: Job 26008592 step creation still disabled, retrying (Requested nodes are busy)
srun: Job 26008592 step creation still disabled, retrying (Requested nodes are busy)
srun: Job 26008592 step creation still disabled, retrying (Requested nodes are busy)
srun: Job 26008592 step creation still disabled, retrying (Requested nodes are busy)
srun: Job step aborted: Waiting up to 32 seconds for job step to finish.
srun: Job step aborted: Waiting up to 32 seconds for job step to finish.
srun: Job 26008592 step creation still disabled, retrying (Requested nodes are busy)
srun: Job 26008592 step creation still disabled, retrying (Requested nodes are busy)
srun: Job 26008592 step creation still disabled, retrying (Requested nodes are busy)
srun: Job 26008592 step creation still disabled, retrying (Requested nodes are busy)
slurmstepd: error: *** STEP 26008592.2 ON nid008304 CANCELLED AT 2024-05-24T23:22:06 ***
slurmstepd: error: *** STEP 26008592.3 ON nid008304 CANCELLED AT 2024-05-24T23:22:06 ***
slurmstepd: error: *** STEP 26008592.1 ON nid008304 CANCELLED AT 2024-05-24T23:22:06 ***
slurmstepd: error: *** STEP 26008592.0 ON nid008304 CANCELLED AT 2024-05-24T23:22:06 ***
slurmstepd: error: *** JOB 26008592 ON nid008304 CANCELLED AT 2024-05-24T23:22:06 ***
