srun: warning: can't run 1 processes on 4 nodes, setting nnodes to 1
srun: warning: can't run 1 processes on 4 nodes, setting nnodes to 1
srun: warning: can't run 1 processes on 4 nodes, setting nnodes to 1
srun: warning: can't run 1 processes on 4 nodes, setting nnodes to 1
srun: warning: can't run 1 processes on 4 nodes, setting nnodes to 1
srun: warning: can't run 1 processes on 4 nodes, setting nnodes to 1
srun: warning: can't run 1 processes on 4 nodes, setting nnodes to 1
srun: warning: can't run 1 processes on 4 nodes, setting nnodes to 1
srun: warning: can't run 1 processes on 4 nodes, setting nnodes to 1
srun: warning: can't run 1 processes on 4 nodes, setting nnodes to 1
srun: warning: can't run 1 processes on 4 nodes, setting nnodes to 1
srun: warning: can't run 1 processes on 4 nodes, setting nnodes to 1
srun: warning: can't run 1 processes on 4 nodes, setting nnodes to 1
srun: warning: can't run 1 processes on 4 nodes, setting nnodes to 1
srun: warning: can't run 1 processes on 4 nodes, setting nnodes to 1
┌ Warning: Module CUDA with build ID fafbfcfd-5de2-c304-0001-6b552ce62101 is missing from the cache.
│ This may mean CUDA [052768ef-5323-5732-b1bb-66c8b64840ba] does not support precompilation but is imported by a module that does.
└ @ Base loading.jl:1793
┌ Warning: Module CUDA with build ID fafbfcfd-5de2-c304-0001-6b552ce62101 is missing from the cache.
│ This may mean CUDA [052768ef-5323-5732-b1bb-66c8b64840ba] does not support precompilation but is imported by a module that does.
└ @ Base loading.jl:1793
┌ Warning: Module CUDA with build ID fafbfcfd-5de2-c304-0001-6b552ce62101 is missing from the cache.
│ This may mean CUDA [052768ef-5323-5732-b1bb-66c8b64840ba] does not support precompilation but is imported by a module that does.
└ @ Base loading.jl:1793
┌ Warning: Module CUDA with build ID fafbfcfd-5de2-c304-0001-6b552ce62101 is missing from the cache.
│ This may mean CUDA [052768ef-5323-5732-b1bb-66c8b64840ba] does not support precompilation but is imported by a module that does.
└ @ Base loading.jl:1793
┌ Warning: Module CUDA with build ID fafbfcfd-536f-3460-0001-6c03c09e840d is missing from the cache.
│ This may mean CUDA [052768ef-5323-5732-b1bb-66c8b64840ba] does not support precompilation but is imported by a module that does.
└ @ Base loading.jl:1793
┌ Warning: Module CUDA with build ID fafbfcfd-536f-3460-0001-6c03c09e840d is missing from the cache.
│ This may mean CUDA [052768ef-5323-5732-b1bb-66c8b64840ba] does not support precompilation but is imported by a module that does.
└ @ Base loading.jl:1793
┌ Warning: Module CUDA with build ID fafbfcfd-536f-3460-0001-6c03c09e840d is missing from the cache.
│ This may mean CUDA [052768ef-5323-5732-b1bb-66c8b64840ba] does not support precompilation but is imported by a module that does.
└ @ Base loading.jl:1793
┌ Warning: Module CUDA with build ID fafbfcfd-536f-3460-0001-6c03c09e840d is missing from the cache.
│ This may mean CUDA [052768ef-5323-5732-b1bb-66c8b64840ba] does not support precompilation but is imported by a module that does.
└ @ Base loading.jl:1793
┌ Warning: Module CUDA with build ID fafbfcfd-eb8a-f6f5-0001-6c097e12d199 is missing from the cache.
│ This may mean CUDA [052768ef-5323-5732-b1bb-66c8b64840ba] does not support precompilation but is imported by a module that does.
└ @ Base loading.jl:1793
┌ Warning: Module CUDA with build ID fafbfcfd-eb8a-f6f5-0001-6c097e12d199 is missing from the cache.
│ This may mean CUDA [052768ef-5323-5732-b1bb-66c8b64840ba] does not support precompilation but is imported by a module that does.
└ @ Base loading.jl:1793
┌ Warning: Module CUDA with build ID fafbfcfd-eb8a-f6f5-0001-6c097e12d199 is missing from the cache.
│ This may mean CUDA [052768ef-5323-5732-b1bb-66c8b64840ba] does not support precompilation but is imported by a module that does.
└ @ Base loading.jl:1793
┌ Warning: Module CUDA with build ID fafbfcfd-eb8a-f6f5-0001-6c097e12d199 is missing from the cache.
│ This may mean CUDA [052768ef-5323-5732-b1bb-66c8b64840ba] does not support precompilation but is imported by a module that does.
└ @ Base loading.jl:1793
┌ Warning: Module CUDA with build ID fafbfcfd-eb8a-f6f5-0001-6c097e12d199 is missing from the cache.
│ This may mean CUDA [052768ef-5323-5732-b1bb-66c8b64840ba] does not support precompilation but is imported by a module that does.
└ @ Base loading.jl:1793
┌ Warning: Module CUDA with build ID fafbfcfd-eb8a-f6f5-0001-6c097e12d199 is missing from the cache.
│ This may mean CUDA [052768ef-5323-5732-b1bb-66c8b64840ba] does not support precompilation but is imported by a module that does.
└ @ Base loading.jl:1793
┌ Warning: Module CUDA with build ID fafbfcfd-eb8a-f6f5-0001-6c097e12d199 is missing from the cache.
│ This may mean CUDA [052768ef-5323-5732-b1bb-66c8b64840ba] does not support precompilation but is imported by a module that does.
└ @ Base loading.jl:1793
┌ Warning: Module CUDA with build ID fafbfcfd-eb8a-f6f5-0001-6c097e12d199 is missing from the cache.
│ This may mean CUDA [052768ef-5323-5732-b1bb-66c8b64840ba] does not support precompilation but is imported by a module that does.
└ @ Base loading.jl:1793
┌ Warning: Module CUDA with build ID fafbfcfd-eb8a-f6f5-0001-6c097e12d199 is missing from the cache.
│ This may mean CUDA [052768ef-5323-5732-b1bb-66c8b64840ba] does not support precompilation but is imported by a module that does.
└ @ Base loading.jl:1793
┌ Warning: Module CUDA with build ID fafbfcfd-eb8a-f6f5-0001-6c097e12d199 is missing from the cache.
│ This may mean CUDA [052768ef-5323-5732-b1bb-66c8b64840ba] does not support precompilation but is imported by a module that does.
└ @ Base loading.jl:1793
┌ Warning: Module CUDA with build ID fafbfcfd-eb8a-f6f5-0001-6c097e12d199 is missing from the cache.
│ This may mean CUDA [052768ef-5323-5732-b1bb-66c8b64840ba] does not support precompilation but is imported by a module that does.
└ @ Base loading.jl:1793
┌ Warning: Module CUDA with build ID fafbfcfd-eb8a-f6f5-0001-6c097e12d199 is missing from the cache.
│ This may mean CUDA [052768ef-5323-5732-b1bb-66c8b64840ba] does not support precompilation but is imported by a module that does.
└ @ Base loading.jl:1793
[ Info:  started timer at: 2024-12-23T13:29:30.857
┌ Warning: Module CUDA with build ID fafbfcfd-f6ec-c94a-0001-6b5a8a653c1e is missing from the cache.
│ This may mean CUDA [052768ef-5323-5732-b1bb-66c8b64840ba] does not support precompilation but is imported by a module that does.
└ @ Base loading.jl:1793
┌ Warning: Module CUDA with build ID fafbfcfd-f6ec-c94a-0001-6b5a8a653c1e is missing from the cache.
│ This may mean CUDA [052768ef-5323-5732-b1bb-66c8b64840ba] does not support precompilation but is imported by a module that does.
└ @ Base loading.jl:1793
┌ Warning: Module CUDA with build ID fafbfcfd-f6ec-c94a-0001-6b5a8a653c1e is missing from the cache.
│ This may mean CUDA [052768ef-5323-5732-b1bb-66c8b64840ba] does not support precompilation but is imported by a module that does.
└ @ Base loading.jl:1793
┌ Warning: The call to compilecache failed to create a usable precompiled cache file for StridedViewsCUDAExt [6eaa3634-1823-5a95-8160-0f368f727af8]
│   exception = Invalid input in module list: expected CUDA.
└ @ Base loading.jl:1818
┌ Warning: Module CUDA with build ID fafbfcfd-f6ec-c94a-0001-6b5a8a653c1e is missing from the cache.
│ This may mean CUDA [052768ef-5323-5732-b1bb-66c8b64840ba] does not support precompilation but is imported by a module that does.
└ @ Base loading.jl:1793
┌ Warning: Module CUDA with build ID fafbfcfd-f6ec-c94a-0001-6b5a8a653c1e is missing from the cache.
│ This may mean CUDA [052768ef-5323-5732-b1bb-66c8b64840ba] does not support precompilation but is imported by a module that does.
└ @ Base loading.jl:1793
┌ Warning: Module CUDA with build ID fafbfcfd-f6ec-c94a-0001-6b5a8a653c1e is missing from the cache.
│ This may mean CUDA [052768ef-5323-5732-b1bb-66c8b64840ba] does not support precompilation but is imported by a module that does.
└ @ Base loading.jl:1793
┌ Warning: The call to compilecache failed to create a usable precompiled cache file for StridedViewsCUDAExt [6eaa3634-1823-5a95-8160-0f368f727af8]
│   exception = Invalid input in module list: expected CUDA.
└ @ Base loading.jl:1818
┌ Warning: Module CUDA with build ID fafbfcfd-f6ec-c94a-0001-6b5a8a653c1e is missing from the cache.
│ This may mean CUDA [052768ef-5323-5732-b1bb-66c8b64840ba] does not support precompilation but is imported by a module that does.
└ @ Base loading.jl:1793
┌ Warning: Module CUDA with build ID fafbfcfd-f6ec-c94a-0001-6b5a8a653c1e is missing from the cache.
│ This may mean CUDA [052768ef-5323-5732-b1bb-66c8b64840ba] does not support precompilation but is imported by a module that does.
└ @ Base loading.jl:1793
┌ Warning: Module CUDA with build ID fafbfcfd-f6ec-c94a-0001-6b5a8a653c1e is missing from the cache.
│ This may mean CUDA [052768ef-5323-5732-b1bb-66c8b64840ba] does not support precompilation but is imported by a module that does.
└ @ Base loading.jl:1793
┌ Warning: Module CUDA with build ID fafbfcfd-f6ec-c94a-0001-6b5a8a653c1e is missing from the cache.
│ This may mean CUDA [052768ef-5323-5732-b1bb-66c8b64840ba] does not support precompilation but is imported by a module that does.
└ @ Base loading.jl:1793
[ Info:  started timer at: 2024-12-23T13:29:43.599
[ Info:  started timer at: 2024-12-23T13:29:44.848
[ Info:  started timer at: 2024-12-23T13:29:45.502
┌ Warning: Module CUDA with build ID fafbfcfd-4e04-664f-0001-6b5dc7269a99 is missing from the cache.
│ This may mean CUDA [052768ef-5323-5732-b1bb-66c8b64840ba] does not support precompilation but is imported by a module that does.
└ @ Base loading.jl:1793
┌ Warning: Module CUDA with build ID fafbfcfd-4e04-664f-0001-6b5dc7269a99 is missing from the cache.
│ This may mean CUDA [052768ef-5323-5732-b1bb-66c8b64840ba] does not support precompilation but is imported by a module that does.
└ @ Base loading.jl:1793
┌ Warning: Module CUDA with build ID fafbfcfd-4e04-664f-0001-6b5dc7269a99 is missing from the cache.
│ This may mean CUDA [052768ef-5323-5732-b1bb-66c8b64840ba] does not support precompilation but is imported by a module that does.
└ @ Base loading.jl:1793
[ Info:  started timer at: 2024-12-23T13:29:56.131
[ Info:  started timer at: 2024-12-23T13:30:01.078
[ Info:  started timer at: 2024-12-23T13:30:01.958
[ Info:  started timer at: 2024-12-23T13:30:05.972
┌ Warning: Module StridedViewsCUDAExt with build ID fafbfcfd-f2cd-1da9-0001-6b766c9ede93 is missing from the cache.
│ This may mean StridedViewsCUDAExt [6eaa3634-1823-5a95-8160-0f368f727af8] does not support precompilation but is imported by a module that does.
└ @ Base loading.jl:1793
┌ Error: Error during loading of extension StridedViewsCUDAExt of StridedViews, use `Base.retry_load_extensions()` to retry.
│   exception =
│    1-element ExceptionStack:
│    Declaring __precompile__(false) is not allowed in files that are being precompiled.
│    Stacktrace:
│      [1] _require(pkg::Base.PkgId, env::Nothing)
│        @ Base ./loading.jl:1797
│      [2] _require_prelocked(uuidkey::Base.PkgId, env::Nothing)
│        @ Base ./loading.jl:1660
│      [3] _require_prelocked(uuidkey::Base.PkgId)
│        @ Base ./loading.jl:1658
│      [4] run_extension_callbacks(extid::Base.ExtensionId)
│        @ Base ./loading.jl:1255
│      [5] run_extension_callbacks(pkgid::Base.PkgId)
│        @ Base ./loading.jl:1290
│      [6] run_package_callbacks(modkey::Base.PkgId)
│        @ Base ./loading.jl:1124
│      [7] _tryrequire_from_serialized(modkey::Base.PkgId, path::String, ocachepath::String, sourcepath::String, depmods::Vector{Any})
│        @ Base ./loading.jl:1398
│      [8] _require_search_from_serialized(pkg::Base.PkgId, sourcepath::String, build_id::UInt128)
│        @ Base ./loading.jl:1494
│      [9] _require(pkg::Base.PkgId, env::String)
│        @ Base ./loading.jl:1783
│     [10] _require_prelocked(uuidkey::Base.PkgId, env::String)
│        @ Base ./loading.jl:1660
│     [11] macro expansion
│        @ ./loading.jl:1648 [inlined]
│     [12] macro expansion
│        @ ./lock.jl:267 [inlined]
│     [13] require(into::Module, mod::Symbol)
│        @ Base ./loading.jl:1611
│     [14] include(mod::Module, _path::String)
│        @ Base ./Base.jl:457
│     [15] include(x::String)
│        @ NDTensorsCUDAExt ~/.julia/packages/NDTensors/gdQSG/ext/NDTensorsCUDAExt/NDTensorsCUDAExt.jl:1
│     [16] top-level scope
│        @ ~/.julia/packages/NDTensors/gdQSG/ext/NDTensorsCUDAExt/NDTensorsCUDAExt.jl:2
│     [17] include
│        @ ./Base.jl:457 [inlined]
│     [18] include_package_for_output(pkg::Base.PkgId, input::String, depot_path::Vector{String}, dl_load_path::Vector{String}, load_path::Vector{String}, concrete_deps::Vector{Pair{Base.PkgId, UInt128}}, source::String)
│        @ Base ./loading.jl:2049
│     [19] top-level scope
│        @ stdin:3
│     [20] eval
│        @ ./boot.jl:370 [inlined]
│     [21] include_string(mapexpr::typeof(identity), mod::Module, code::String, filename::String)
│        @ Base ./loading.jl:1903
│     [22] include_string
│        @ ./loading.jl:1913 [inlined]
│     [23] exec_options(opts::Base.JLOptions)
│        @ Base ./client.jl:305
│     [24] _start()
│        @ Base ./client.jl:522
└ @ Base loading.jl:1261
┌ Warning: Module StridedViewsCUDAExt with build ID fafbfcfd-392a-cc22-0001-6c23c0b6ff81 is missing from the cache.
│ This may mean StridedViewsCUDAExt [6eaa3634-1823-5a95-8160-0f368f727af8] does not support precompilation but is imported by a module that does.
└ @ Base loading.jl:1793
┌ Warning: Module StridedViewsCUDAExt with build ID fafbfcfd-4fc0-994e-0001-6c23c1ffd0df is missing from the cache.
│ This may mean StridedViewsCUDAExt [6eaa3634-1823-5a95-8160-0f368f727af8] does not support precompilation but is imported by a module that does.
└ @ Base loading.jl:1793
┌ Warning: Module StridedViewsCUDAExt with build ID fafbfcfd-a867-b95b-0001-6c237d8f1d76 is missing from the cache.
│ This may mean StridedViewsCUDAExt [6eaa3634-1823-5a95-8160-0f368f727af8] does not support precompilation but is imported by a module that does.
└ @ Base loading.jl:1793
┌ Error: Error during loading of extension StridedViewsCUDAExt of StridedViews, use `Base.retry_load_extensions()` to retry.
│   exception =
│    1-element ExceptionStack:
│    Declaring __precompile__(false) is not allowed in files that are being precompiled.
│    Stacktrace:
│      [1] _require(pkg::Base.PkgId, env::Nothing)
│        @ Base ./loading.jl:1797
│      [2] _require_prelocked(uuidkey::Base.PkgId, env::Nothing)
│        @ Base ./loading.jl:1660
│      [3] _require_prelocked(uuidkey::Base.PkgId)
│        @ Base ./loading.jl:1658
│      [4] run_extension_callbacks(extid::Base.ExtensionId)
│        @ Base ./loading.jl:1255
│      [5] run_extension_callbacks(pkgid::Base.PkgId)
│        @ Base ./loading.jl:1290
│      [6] run_package_callbacks(modkey::Base.PkgId)
│        @ Base ./loading.jl:1124
│      [7] _tryrequire_from_serialized(modkey::Base.PkgId, path::String, ocachepath::String, sourcepath::String, depmods::Vector{Any})
│        @ Base ./loading.jl:1398
│      [8] _require_search_from_serialized(pkg::Base.PkgId, sourcepath::String, build_id::UInt128)
│        @ Base ./loading.jl:1494
│      [9] _require(pkg::Base.PkgId, env::String)
│        @ Base ./loading.jl:1783
│     [10] _require_prelocked(uuidkey::Base.PkgId, env::String)
│        @ Base ./loading.jl:1660
│     [11] macro expansion
│        @ ./loading.jl:1648 [inlined]
│     [12] macro expansion
│        @ ./lock.jl:267 [inlined]
│     [13] require(into::Module, mod::Symbol)
│        @ Base ./loading.jl:1611
│     [14] include(mod::Module, _path::String)
│        @ Base ./Base.jl:457
│     [15] include(x::String)
│        @ NDTensorsCUDAExt ~/.julia/packages/NDTensors/gdQSG/ext/NDTensorsCUDAExt/NDTensorsCUDAExt.jl:1
│     [16] top-level scope
│        @ ~/.julia/packages/NDTensors/gdQSG/ext/NDTensorsCUDAExt/NDTensorsCUDAExt.jl:2
│     [17] include
│        @ ./Base.jl:457 [inlined]
│     [18] include_package_for_output(pkg::Base.PkgId, input::String, depot_path::Vector{String}, dl_load_path::Vector{String}, load_path::Vector{String}, concrete_deps::Vector{Pair{Base.PkgId, UInt128}}, source::String)
│        @ Base ./loading.jl:2049
│     [19] top-level scope
│        @ stdin:3
│     [20] eval
│        @ ./boot.jl:370 [inlined]
│     [21] include_string(mapexpr::typeof(identity), mod::Module, code::String, filename::String)
│        @ Base ./loading.jl:1903
│     [22] include_string
│        @ ./loading.jl:1913 [inlined]
│     [23] exec_options(opts::Base.JLOptions)
│        @ Base ./client.jl:305
│     [24] _start()
│        @ Base ./client.jl:522
└ @ Base loading.jl:1261
┌ Error: Error during loading of extension StridedViewsCUDAExt of StridedViews, use `Base.retry_load_extensions()` to retry.
│   exception =
│    1-element ExceptionStack:
│    Declaring __precompile__(false) is not allowed in files that are being precompiled.
│    Stacktrace:
│      [1] _require(pkg::Base.PkgId, env::Nothing)
│        @ Base ./loading.jl:1797
│      [2] _require_prelocked(uuidkey::Base.PkgId, env::Nothing)
│        @ Base ./loading.jl:1660
│      [3] _require_prelocked(uuidkey::Base.PkgId)
│        @ Base ./loading.jl:1658
│      [4] run_extension_callbacks(extid::Base.ExtensionId)
│        @ Base ./loading.jl:1255
│      [5] run_extension_callbacks(pkgid::Base.PkgId)
│        @ Base ./loading.jl:1290
│      [6] run_package_callbacks(modkey::Base.PkgId)
│        @ Base ./loading.jl:1124
│      [7] _tryrequire_from_serialized(modkey::Base.PkgId, path::String, ocachepath::String, sourcepath::String, depmods::Vector{Any})
│        @ Base ./loading.jl:1398
│      [8] _require_search_from_serialized(pkg::Base.PkgId, sourcepath::String, build_id::UInt128)
│        @ Base ./loading.jl:1494
│      [9] _require(pkg::Base.PkgId, env::String)
│        @ Base ./loading.jl:1783
│     [10] _require_prelocked(uuidkey::Base.PkgId, env::String)
│        @ Base ./loading.jl:1660
│     [11] macro expansion
│        @ ./loading.jl:1648 [inlined]
│     [12] macro expansion
│        @ ./lock.jl:267 [inlined]
│     [13] require(into::Module, mod::Symbol)
│        @ Base ./loading.jl:1611
│     [14] include(mod::Module, _path::String)
│        @ Base ./Base.jl:457
│     [15] include(x::String)
│        @ NDTensorsCUDAExt ~/.julia/packages/NDTensors/gdQSG/ext/NDTensorsCUDAExt/NDTensorsCUDAExt.jl:1
│     [16] top-level scope
│        @ ~/.julia/packages/NDTensors/gdQSG/ext/NDTensorsCUDAExt/NDTensorsCUDAExt.jl:2
│     [17] include
│        @ ./Base.jl:457 [inlined]
│     [18] include_package_for_output(pkg::Base.PkgId, input::String, depot_path::Vector{String}, dl_load_path::Vector{String}, load_path::Vector{String}, concrete_deps::Vector{Pair{Base.PkgId, UInt128}}, source::String)
│        @ Base ./loading.jl:2049
│     [19] top-level scope
│        @ stdin:3
│     [20] eval
│        @ ./boot.jl:370 [inlined]
│     [21] include_string(mapexpr::typeof(identity), mod::Module, code::String, filename::String)
│        @ Base ./loading.jl:1903
│     [22] include_string
│        @ ./loading.jl:1913 [inlined]
│     [23] exec_options(opts::Base.JLOptions)
│        @ Base ./client.jl:305
│     [24] _start()
│        @ Base ./client.jl:522
└ @ Base loading.jl:1261
┌ Error: Error during loading of extension StridedViewsCUDAExt of StridedViews, use `Base.retry_load_extensions()` to retry.
│   exception =
│    1-element ExceptionStack:
│    Declaring __precompile__(false) is not allowed in files that are being precompiled.
│    Stacktrace:
│      [1] _require(pkg::Base.PkgId, env::Nothing)
│        @ Base ./loading.jl:1797
│      [2] _require_prelocked(uuidkey::Base.PkgId, env::Nothing)
│        @ Base ./loading.jl:1660
│      [3] _require_prelocked(uuidkey::Base.PkgId)
│        @ Base ./loading.jl:1658
│      [4] run_extension_callbacks(extid::Base.ExtensionId)
│        @ Base ./loading.jl:1255
│      [5] run_extension_callbacks(pkgid::Base.PkgId)
│        @ Base ./loading.jl:1290
│      [6] run_package_callbacks(modkey::Base.PkgId)
│        @ Base ./loading.jl:1124
│      [7] _tryrequire_from_serialized(modkey::Base.PkgId, path::String, ocachepath::String, sourcepath::String, depmods::Vector{Any})
│        @ Base ./loading.jl:1398
│      [8] _require_search_from_serialized(pkg::Base.PkgId, sourcepath::String, build_id::UInt128)
│        @ Base ./loading.jl:1494
│      [9] _require(pkg::Base.PkgId, env::String)
│        @ Base ./loading.jl:1783
│     [10] _require_prelocked(uuidkey::Base.PkgId, env::String)
│        @ Base ./loading.jl:1660
│     [11] macro expansion
│        @ ./loading.jl:1648 [inlined]
│     [12] macro expansion
│        @ ./lock.jl:267 [inlined]
│     [13] require(into::Module, mod::Symbol)
│        @ Base ./loading.jl:1611
│     [14] include(mod::Module, _path::String)
│        @ Base ./Base.jl:457
│     [15] include(x::String)
│        @ NDTensorsCUDAExt ~/.julia/packages/NDTensors/gdQSG/ext/NDTensorsCUDAExt/NDTensorsCUDAExt.jl:1
│     [16] top-level scope
│        @ ~/.julia/packages/NDTensors/gdQSG/ext/NDTensorsCUDAExt/NDTensorsCUDAExt.jl:2
│     [17] include
│        @ ./Base.jl:457 [inlined]
│     [18] include_package_for_output(pkg::Base.PkgId, input::String, depot_path::Vector{String}, dl_load_path::Vector{String}, load_path::Vector{String}, concrete_deps::Vector{Pair{Base.PkgId, UInt128}}, source::String)
│        @ Base ./loading.jl:2049
│     [19] top-level scope
│        @ stdin:3
│     [20] eval
│        @ ./boot.jl:370 [inlined]
│     [21] include_string(mapexpr::typeof(identity), mod::Module, code::String, filename::String)
│        @ Base ./loading.jl:1903
│     [22] include_string
│        @ ./loading.jl:1913 [inlined]
│     [23] exec_options(opts::Base.JLOptions)
│        @ Base ./client.jl:305
│     [24] _start()
│        @ Base ./client.jl:522
└ @ Base loading.jl:1261
┌ Warning: Module ArrayInterfaceCUDAExt with build ID fafbfcfd-abb9-56ef-0001-6b79663a64c1 is missing from the cache.
│ This may mean ArrayInterfaceCUDAExt [f78586ac-ba87-5ec7-b3a5-84bc1b258ee3] does not support precompilation but is imported by a module that does.
└ @ Base loading.jl:1793
┌ Warning: Module StridedViewsCUDAExt with build ID fafbfcfd-8860-cd0d-0001-6c22c39c4fbd is missing from the cache.
│ This may mean StridedViewsCUDAExt [6eaa3634-1823-5a95-8160-0f368f727af8] does not support precompilation but is imported by a module that does.
└ @ Base loading.jl:1793
┌ Error: Error during loading of extension ArrayInterfaceCUDAExt of ArrayInterface, use `Base.retry_load_extensions()` to retry.
│   exception =
│    1-element ExceptionStack:
│    Declaring __precompile__(false) is not allowed in files that are being precompiled.
│    Stacktrace:
│      [1] _require(pkg::Base.PkgId, env::Nothing)
│        @ Base ./loading.jl:1797
│      [2] _require_prelocked(uuidkey::Base.PkgId, env::Nothing)
│        @ Base ./loading.jl:1660
│      [3] _require_prelocked(uuidkey::Base.PkgId)
│        @ Base ./loading.jl:1658
│      [4] run_extension_callbacks(extid::Base.ExtensionId)
│        @ Base ./loading.jl:1255
│      [5] run_extension_callbacks(pkgid::Base.PkgId)
│        @ Base ./loading.jl:1290
│      [6] run_package_callbacks(modkey::Base.PkgId)
│        @ Base ./loading.jl:1124
│      [7] _tryrequire_from_serialized(modkey::Base.PkgId, path::String, ocachepath::String, sourcepath::String, depmods::Vector{Any})
│        @ Base ./loading.jl:1398
│      [8] _require_search_from_serialized(pkg::Base.PkgId, sourcepath::String, build_id::UInt128)
│        @ Base ./loading.jl:1494
│      [9] _require(pkg::Base.PkgId, env::String)
│        @ Base ./loading.jl:1783
│     [10] _require_prelocked(uuidkey::Base.PkgId, env::String)
│        @ Base ./loading.jl:1660
│     [11] macro expansion
│        @ ./loading.jl:1648 [inlined]
│     [12] macro expansion
│        @ ./lock.jl:267 [inlined]
│     [13] require(into::Module, mod::Symbol)
│        @ Base ./loading.jl:1611
│     [14] include(mod::Module, _path::String)
│        @ Base ./Base.jl:457
│     [15] include(x::String)
│        @ NDTensorsCUDAExt ~/.julia/packages/NDTensors/gdQSG/ext/NDTensorsCUDAExt/NDTensorsCUDAExt.jl:1
│     [16] top-level scope
│        @ ~/.julia/packages/NDTensors/gdQSG/ext/NDTensorsCUDAExt/NDTensorsCUDAExt.jl:2
│     [17] include
│        @ ./Base.jl:457 [inlined]
│     [18] include_package_for_output(pkg::Base.PkgId, input::String, depot_path::Vector{String}, dl_load_path::Vector{String}, load_path::Vector{String}, concrete_deps::Vector{Pair{Base.PkgId, UInt128}}, source::String)
│        @ Base ./loading.jl:2049
│     [19] top-level scope
│        @ stdin:3
│     [20] eval
│        @ ./boot.jl:370 [inlined]
│     [21] include_string(mapexpr::typeof(identity), mod::Module, code::String, filename::String)
│        @ Base ./loading.jl:1903
│     [22] include_string
│        @ ./loading.jl:1913 [inlined]
│     [23] exec_options(opts::Base.JLOptions)
│        @ Base ./client.jl:305
│     [24] _start()
│        @ Base ./client.jl:522
└ @ Base loading.jl:1261
┌ Error: Error during loading of extension StridedViewsCUDAExt of StridedViews, use `Base.retry_load_extensions()` to retry.
│   exception =
│    1-element ExceptionStack:
│    Declaring __precompile__(false) is not allowed in files that are being precompiled.
│    Stacktrace:
│      [1] _require(pkg::Base.PkgId, env::Nothing)
│        @ Base ./loading.jl:1797
│      [2] _require_prelocked(uuidkey::Base.PkgId, env::Nothing)
│        @ Base ./loading.jl:1660
│      [3] _require_prelocked(uuidkey::Base.PkgId)
│        @ Base ./loading.jl:1658
│      [4] run_extension_callbacks(extid::Base.ExtensionId)
│        @ Base ./loading.jl:1255
│      [5] run_extension_callbacks(pkgid::Base.PkgId)
│        @ Base ./loading.jl:1290
│      [6] run_package_callbacks(modkey::Base.PkgId)
│        @ Base ./loading.jl:1124
│      [7] _tryrequire_from_serialized(modkey::Base.PkgId, path::String, ocachepath::String, sourcepath::String, depmods::Vector{Any})
│        @ Base ./loading.jl:1398
│      [8] _require_search_from_serialized(pkg::Base.PkgId, sourcepath::String, build_id::UInt128)
│        @ Base ./loading.jl:1494
│      [9] _require(pkg::Base.PkgId, env::String)
│        @ Base ./loading.jl:1783
│     [10] _require_prelocked(uuidkey::Base.PkgId, env::String)
│        @ Base ./loading.jl:1660
│     [11] macro expansion
│        @ ./loading.jl:1648 [inlined]
│     [12] macro expansion
│        @ ./lock.jl:267 [inlined]
│     [13] require(into::Module, mod::Symbol)
│        @ Base ./loading.jl:1611
│     [14] include(mod::Module, _path::String)
│        @ Base ./Base.jl:457
│     [15] include(x::String)
│        @ NDTensorsCUDAExt ~/.julia/packages/NDTensors/gdQSG/ext/NDTensorsCUDAExt/NDTensorsCUDAExt.jl:1
│     [16] top-level scope
│        @ ~/.julia/packages/NDTensors/gdQSG/ext/NDTensorsCUDAExt/NDTensorsCUDAExt.jl:2
│     [17] include
│        @ ./Base.jl:457 [inlined]
│     [18] include_package_for_output(pkg::Base.PkgId, input::String, depot_path::Vector{String}, dl_load_path::Vector{String}, load_path::Vector{String}, concrete_deps::Vector{Pair{Base.PkgId, UInt128}}, source::String)
│        @ Base ./loading.jl:2049
│     [19] top-level scope
│        @ stdin:3
│     [20] eval
│        @ ./boot.jl:370 [inlined]
│     [21] include_string(mapexpr::typeof(identity), mod::Module, code::String, filename::String)
│        @ Base ./loading.jl:1903
│     [22] include_string
│        @ ./loading.jl:1913 [inlined]
│     [23] exec_options(opts::Base.JLOptions)
│        @ Base ./client.jl:305
│     [24] _start()
│        @ Base ./client.jl:522
└ @ Base loading.jl:1261
┌ Warning: Module ArrayInterfaceCUDAExt with build ID fafbfcfd-43c7-4b1f-0001-6c266ab6ad6b is missing from the cache.
│ This may mean ArrayInterfaceCUDAExt [f78586ac-ba87-5ec7-b3a5-84bc1b258ee3] does not support precompilation but is imported by a module that does.
└ @ Base loading.jl:1793
┌ Warning: Module ArrayInterfaceCUDAExt with build ID fafbfcfd-74ec-8b39-0001-6c264aaace70 is missing from the cache.
│ This may mean ArrayInterfaceCUDAExt [f78586ac-ba87-5ec7-b3a5-84bc1b258ee3] does not support precompilation but is imported by a module that does.
└ @ Base loading.jl:1793
┌ Warning: Module ArrayInterfaceCUDAExt with build ID fafbfcfd-74ec-8b39-0001-6c264aaace70 is missing from the cache.
│ This may mean ArrayInterfaceCUDAExt [f78586ac-ba87-5ec7-b3a5-84bc1b258ee3] does not support precompilation but is imported by a module that does.
└ @ Base loading.jl:1793
┌ Error: Error during loading of extension ArrayInterfaceCUDAExt of ArrayInterface, use `Base.retry_load_extensions()` to retry.
│   exception =
│    1-element ExceptionStack:
│    Declaring __precompile__(false) is not allowed in files that are being precompiled.
│    Stacktrace:
│      [1] _require(pkg::Base.PkgId, env::Nothing)
│        @ Base ./loading.jl:1797
│      [2] _require_prelocked(uuidkey::Base.PkgId, env::Nothing)
│        @ Base ./loading.jl:1660
│      [3] _require_prelocked(uuidkey::Base.PkgId)
│        @ Base ./loading.jl:1658
│      [4] run_extension_callbacks(extid::Base.ExtensionId)
│        @ Base ./loading.jl:1255
│      [5] run_extension_callbacks(pkgid::Base.PkgId)
│        @ Base ./loading.jl:1290
│      [6] run_package_callbacks(modkey::Base.PkgId)
│        @ Base ./loading.jl:1124
│      [7] _tryrequire_from_serialized(modkey::Base.PkgId, path::String, ocachepath::String, sourcepath::String, depmods::Vector{Any})
│        @ Base ./loading.jl:1398
│      [8] _require_search_from_serialized(pkg::Base.PkgId, sourcepath::String, build_id::UInt128)
│        @ Base ./loading.jl:1494
│      [9] _require(pkg::Base.PkgId, env::String)
│        @ Base ./loading.jl:1783
│     [10] _require_prelocked(uuidkey::Base.PkgId, env::String)
│        @ Base ./loading.jl:1660
│     [11] macro expansion
│        @ ./loading.jl:1648 [inlined]
│     [12] macro expansion
│        @ ./lock.jl:267 [inlined]
│     [13] require(into::Module, mod::Symbol)
│        @ Base ./loading.jl:1611
│     [14] include(mod::Module, _path::String)
│        @ Base ./Base.jl:457
│     [15] include(x::String)
│        @ NDTensorsCUDAExt ~/.julia/packages/NDTensors/gdQSG/ext/NDTensorsCUDAExt/NDTensorsCUDAExt.jl:1
│     [16] top-level scope
│        @ ~/.julia/packages/NDTensors/gdQSG/ext/NDTensorsCUDAExt/NDTensorsCUDAExt.jl:2
│     [17] include
│        @ ./Base.jl:457 [inlined]
│     [18] include_package_for_output(pkg::Base.PkgId, input::String, depot_path::Vector{String}, dl_load_path::Vector{String}, load_path::Vector{String}, concrete_deps::Vector{Pair{Base.PkgId, UInt128}}, source::String)
│        @ Base ./loading.jl:2049
│     [19] top-level scope
│        @ stdin:3
│     [20] eval
│        @ ./boot.jl:370 [inlined]
│     [21] include_string(mapexpr::typeof(identity), mod::Module, code::String, filename::String)
│        @ Base ./loading.jl:1903
│     [22] include_string
│        @ ./loading.jl:1913 [inlined]
│     [23] exec_options(opts::Base.JLOptions)
│        @ Base ./client.jl:305
│     [24] _start()
│        @ Base ./client.jl:522
└ @ Base loading.jl:1261
┌ Error: Error during loading of extension ArrayInterfaceCUDAExt of ArrayInterface, use `Base.retry_load_extensions()` to retry.
│   exception =
│    1-element ExceptionStack:
│    Declaring __precompile__(false) is not allowed in files that are being precompiled.
│    Stacktrace:
│      [1] _require(pkg::Base.PkgId, env::Nothing)
│        @ Base ./loading.jl:1797
│      [2] _require_prelocked(uuidkey::Base.PkgId, env::Nothing)
│        @ Base ./loading.jl:1660
│      [3] _require_prelocked(uuidkey::Base.PkgId)
│        @ Base ./loading.jl:1658
│      [4] run_extension_callbacks(extid::Base.ExtensionId)
│        @ Base ./loading.jl:1255
│      [5] run_extension_callbacks(pkgid::Base.PkgId)
│        @ Base ./loading.jl:1290
│      [6] run_package_callbacks(modkey::Base.PkgId)
│        @ Base ./loading.jl:1124
│      [7] _tryrequire_from_serialized(modkey::Base.PkgId, path::String, ocachepath::String, sourcepath::String, depmods::Vector{Any})
│        @ Base ./loading.jl:1398
│      [8] _require_search_from_serialized(pkg::Base.PkgId, sourcepath::String, build_id::UInt128)
│        @ Base ./loading.jl:1494
│      [9] _require(pkg::Base.PkgId, env::String)
│        @ Base ./loading.jl:1783
│     [10] _require_prelocked(uuidkey::Base.PkgId, env::String)
│        @ Base ./loading.jl:1660
│     [11] macro expansion
│        @ ./loading.jl:1648 [inlined]
│     [12] macro expansion
│        @ ./lock.jl:267 [inlined]
│     [13] require(into::Module, mod::Symbol)
│        @ Base ./loading.jl:1611
│     [14] include(mod::Module, _path::String)
│        @ Base ./Base.jl:457
│     [15] include(x::String)
│        @ NDTensorsCUDAExt ~/.julia/packages/NDTensors/gdQSG/ext/NDTensorsCUDAExt/NDTensorsCUDAExt.jl:1
│     [16] top-level scope
│        @ ~/.julia/packages/NDTensors/gdQSG/ext/NDTensorsCUDAExt/NDTensorsCUDAExt.jl:2
│     [17] include
│        @ ./Base.jl:457 [inlined]
│     [18] include_package_for_output(pkg::Base.PkgId, input::String, depot_path::Vector{String}, dl_load_path::Vector{String}, load_path::Vector{String}, concrete_deps::Vector{Pair{Base.PkgId, UInt128}}, source::String)
│        @ Base ./loading.jl:2049
│     [19] top-level scope
│        @ stdin:3
│     [20] eval
│        @ ./boot.jl:370 [inlined]
│     [21] include_string(mapexpr::typeof(identity), mod::Module, code::String, filename::String)
│        @ Base ./loading.jl:1903
│     [22] include_string
│        @ ./loading.jl:1913 [inlined]
│     [23] exec_options(opts::Base.JLOptions)
│        @ Base ./client.jl:305
│     [24] _start()
│        @ Base ./client.jl:522
└ @ Base loading.jl:1261
┌ Error: Error during loading of extension ArrayInterfaceCUDAExt of ArrayInterface, use `Base.retry_load_extensions()` to retry.
│   exception =
│    1-element ExceptionStack:
│    Declaring __precompile__(false) is not allowed in files that are being precompiled.
│    Stacktrace:
│      [1] _require(pkg::Base.PkgId, env::Nothing)
│        @ Base ./loading.jl:1797
│      [2] _require_prelocked(uuidkey::Base.PkgId, env::Nothing)
│        @ Base ./loading.jl:1660
│      [3] _require_prelocked(uuidkey::Base.PkgId)
│        @ Base ./loading.jl:1658
│      [4] run_extension_callbacks(extid::Base.ExtensionId)
│        @ Base ./loading.jl:1255
│      [5] run_extension_callbacks(pkgid::Base.PkgId)
│        @ Base ./loading.jl:1290
│      [6] run_package_callbacks(modkey::Base.PkgId)
│        @ Base ./loading.jl:1124
│      [7] _tryrequire_from_serialized(modkey::Base.PkgId, path::String, ocachepath::String, sourcepath::String, depmods::Vector{Any})
│        @ Base ./loading.jl:1398
│      [8] _require_search_from_serialized(pkg::Base.PkgId, sourcepath::String, build_id::UInt128)
│        @ Base ./loading.jl:1494
│      [9] _require(pkg::Base.PkgId, env::String)
│        @ Base ./loading.jl:1783
│     [10] _require_prelocked(uuidkey::Base.PkgId, env::String)
│        @ Base ./loading.jl:1660
│     [11] macro expansion
│        @ ./loading.jl:1648 [inlined]
│     [12] macro expansion
│        @ ./lock.jl:267 [inlined]
│     [13] require(into::Module, mod::Symbol)
│        @ Base ./loading.jl:1611
│     [14] include(mod::Module, _path::String)
│        @ Base ./Base.jl:457
│     [15] include(x::String)
│        @ NDTensorsCUDAExt ~/.julia/packages/NDTensors/gdQSG/ext/NDTensorsCUDAExt/NDTensorsCUDAExt.jl:1
│     [16] top-level scope
│        @ ~/.julia/packages/NDTensors/gdQSG/ext/NDTensorsCUDAExt/NDTensorsCUDAExt.jl:2
│     [17] include
│        @ ./Base.jl:457 [inlined]
│     [18] include_package_for_output(pkg::Base.PkgId, input::String, depot_path::Vector{String}, dl_load_path::Vector{String}, load_path::Vector{String}, concrete_deps::Vector{Pair{Base.PkgId, UInt128}}, source::String)
│        @ Base ./loading.jl:2049
│     [19] top-level scope
│        @ stdin:3
│     [20] eval
│        @ ./boot.jl:370 [inlined]
│     [21] include_string(mapexpr::typeof(identity), mod::Module, code::String, filename::String)
│        @ Base ./loading.jl:1903
│     [22] include_string
│        @ ./loading.jl:1913 [inlined]
│     [23] exec_options(opts::Base.JLOptions)
│        @ Base ./client.jl:305
│     [24] _start()
│        @ Base ./client.jl:522
└ @ Base loading.jl:1261
┌ Warning: Module ArrayInterfaceCUDAExt with build ID fafbfcfd-0008-e3f9-0001-6c25664a8a84 is missing from the cache.
│ This may mean ArrayInterfaceCUDAExt [f78586ac-ba87-5ec7-b3a5-84bc1b258ee3] does not support precompilation but is imported by a module that does.
└ @ Base loading.jl:1793
┌ Error: Error during loading of extension ArrayInterfaceCUDAExt of ArrayInterface, use `Base.retry_load_extensions()` to retry.
│   exception =
│    1-element ExceptionStack:
│    Declaring __precompile__(false) is not allowed in files that are being precompiled.
│    Stacktrace:
│      [1] _require(pkg::Base.PkgId, env::Nothing)
│        @ Base ./loading.jl:1797
│      [2] _require_prelocked(uuidkey::Base.PkgId, env::Nothing)
│        @ Base ./loading.jl:1660
│      [3] _require_prelocked(uuidkey::Base.PkgId)
│        @ Base ./loading.jl:1658
│      [4] run_extension_callbacks(extid::Base.ExtensionId)
│        @ Base ./loading.jl:1255
│      [5] run_extension_callbacks(pkgid::Base.PkgId)
│        @ Base ./loading.jl:1290
│      [6] run_package_callbacks(modkey::Base.PkgId)
│        @ Base ./loading.jl:1124
│      [7] _tryrequire_from_serialized(modkey::Base.PkgId, path::String, ocachepath::String, sourcepath::String, depmods::Vector{Any})
│        @ Base ./loading.jl:1398
│      [8] _require_search_from_serialized(pkg::Base.PkgId, sourcepath::String, build_id::UInt128)
│        @ Base ./loading.jl:1494
│      [9] _require(pkg::Base.PkgId, env::String)
│        @ Base ./loading.jl:1783
│     [10] _require_prelocked(uuidkey::Base.PkgId, env::String)
│        @ Base ./loading.jl:1660
│     [11] macro expansion
│        @ ./loading.jl:1648 [inlined]
│     [12] macro expansion
│        @ ./lock.jl:267 [inlined]
│     [13] require(into::Module, mod::Symbol)
│        @ Base ./loading.jl:1611
│     [14] include(mod::Module, _path::String)
│        @ Base ./Base.jl:457
│     [15] include(x::String)
│        @ NDTensorsCUDAExt ~/.julia/packages/NDTensors/gdQSG/ext/NDTensorsCUDAExt/NDTensorsCUDAExt.jl:1
│     [16] top-level scope
│        @ ~/.julia/packages/NDTensors/gdQSG/ext/NDTensorsCUDAExt/NDTensorsCUDAExt.jl:2
│     [17] include
│        @ ./Base.jl:457 [inlined]
│     [18] include_package_for_output(pkg::Base.PkgId, input::String, depot_path::Vector{String}, dl_load_path::Vector{String}, load_path::Vector{String}, concrete_deps::Vector{Pair{Base.PkgId, UInt128}}, source::String)
│        @ Base ./loading.jl:2049
│     [19] top-level scope
│        @ stdin:3
│     [20] eval
│        @ ./boot.jl:370 [inlined]
│     [21] include_string(mapexpr::typeof(identity), mod::Module, code::String, filename::String)
│        @ Base ./loading.jl:1903
│     [22] include_string
│        @ ./loading.jl:1913 [inlined]
│     [23] exec_options(opts::Base.JLOptions)
│        @ Base ./client.jl:305
│     [24] _start()
│        @ Base ./client.jl:522
└ @ Base loading.jl:1261
[ Info:  started timer at: 2024-12-23T13:30:57.353
[ Info:  started timer at: 2024-12-23T13:31:24.763
[ Info:  started timer at: 2024-12-23T13:31:24.819
[ Info:  started timer at: 2024-12-23T13:31:24.883
[ Info:  started timer at: 2024-12-23T13:31:25.201
[ Info:  started timer at: 2024-12-23T13:31:25.979
[ Info:  started timer at: 2024-12-23T13:31:26.429
ERROR: LoadError: MethodError: no method matching tdvp(::typeof(solver), ::MPO, ::ComplexF64, ::MPS; nsweeps::Int64, reverse_step::Bool, normalize::Bool, maxdim::Int64, cutoff::Float64, outputlevel::Int64, nsite::Int64)

Closest candidates are:
  tdvp(::Any, !Matched::Number, !Matched::MPS; updater_backend, updater, reverse_step, time_step, time_start, nsweeps, nsteps, step_observer!, sweep_observer!, kwargs...)
   @ ITensorTDVP ~/.julia/packages/ITensorTDVP/9tEtn/src/tdvp.jl:66

Stacktrace:
 [1] main(; C::Int64, L::Int64, J1::Float64, J2::Float64, B::Float64, Δ1::Float64, Δ2::Float64, cutoff::Float64, δt::Float64, ttotal::Int64, maxdim::Int64, component::String)
   @ Main /global/u2/k/kwang98/QSL/J1_J2_triangular_gpu.jl:210
 [2] top-level scope
   @ /global/u2/k/kwang98/QSL/J1_J2_triangular_gpu.jl:273
in expression starting at /global/u2/k/kwang98/QSL/J1_J2_triangular_gpu.jl:273
srun: error: nid008529: task 0: Exited with exit code 1
srun: Terminating StepId=34172854.4
ERROR: LoadError: MethodError: no method matching tdvp(::typeof(solver), ::MPO, ::ComplexF64, ::MPS; nsweeps::Int64, reverse_step::Bool, normalize::Bool, maxdim::Int64, cutoff::Float64, outputlevel::Int64, nsite::Int64)

Closest candidates are:
  tdvp(::Any, !Matched::Number, !Matched::MPS; updater_backend, updater, reverse_step, time_step, time_start, nsweeps, nsteps, step_observer!, sweep_observer!, kwargs...)
   @ ITensorTDVP ~/.julia/packages/ITensorTDVP/9tEtn/src/tdvp.jl:66

Stacktrace:
 [1] main(; C::Int64, L::Int64, J1::Float64, J2::Float64, B::Float64, Δ1::Float64, Δ2::Float64, cutoff::Float64, δt::Float64, ttotal::Int64, maxdim::Int64, component::String)
   @ Main /global/u2/k/kwang98/QSL/J1_J2_triangular_gpu.jl:210
 [2] top-level scope
   @ /global/u2/k/kwang98/QSL/J1_J2_triangular_gpu.jl:273
in expression starting at /global/u2/k/kwang98/QSL/J1_J2_triangular_gpu.jl:273
srun: error: nid008529: task 0: Exited with exit code 1
srun: Terminating StepId=34172854.0
ERROR: LoadError: MethodError: no method matching tdvp(::typeof(solver), ::MPO, ::ComplexF64, ::MPS; nsweeps::Int64, reverse_step::Bool, normalize::Bool, maxdim::Int64, cutoff::Float64, outputlevel::Int64, nsite::Int64)

Closest candidates are:
  tdvp(::Any, !Matched::Number, !Matched::MPS; updater_backend, updater, reverse_step, time_step, time_start, nsweeps, nsteps, step_observer!, sweep_observer!, kwargs...)
   @ ITensorTDVP ~/.julia/packages/ITensorTDVP/9tEtn/src/tdvp.jl:66

Stacktrace:
 [1] main(; C::Int64, L::Int64, J1::Float64, J2::Float64, B::Float64, Δ1::Float64, Δ2::Float64, cutoff::Float64, δt::Float64, ttotal::Int64, maxdim::Int64, component::String)
   @ Main /global/u2/k/kwang98/QSL/J1_J2_triangular_gpu.jl:210
 [2] top-level scope
   @ /global/u2/k/kwang98/QSL/J1_J2_triangular_gpu.jl:273
in expression starting at /global/u2/k/kwang98/QSL/J1_J2_triangular_gpu.jl:273
srun: error: nid008544: task 0: Exited with exit code 1
srun: Terminating StepId=34172854.11
ERROR: LoadError: MethodError: no method matching tdvp(::typeof(solver), ::MPO, ::ComplexF64, ::MPS; nsweeps::Int64, reverse_step::Bool, normalize::Bool, maxdim::Int64, cutoff::Float64, outputlevel::Int64, nsite::Int64)

Closest candidates are:
  tdvp(::Any, !Matched::Number, !Matched::MPS; updater_backend, updater, reverse_step, time_step, time_start, nsweeps, nsteps, step_observer!, sweep_observer!, kwargs...)
   @ ITensorTDVP ~/.julia/packages/ITensorTDVP/9tEtn/src/tdvp.jl:66

Stacktrace:
 [1] main(; C::Int64, L::Int64, J1::Float64, J2::Float64, B::Float64, Δ1::Float64, Δ2::Float64, cutoff::Float64, δt::Float64, ttotal::Int64, maxdim::Int64, component::String)
   @ Main /global/u2/k/kwang98/QSL/J1_J2_triangular_gpu.jl:210
 [2] top-level scope
   @ /global/u2/k/kwang98/QSL/J1_J2_triangular_gpu.jl:273
in expression starting at /global/u2/k/kwang98/QSL/J1_J2_triangular_gpu.jl:273
srun: error: nid008541: task 0: Exited with exit code 1
srun: Terminating StepId=34172854.1
ERROR: LoadError: MethodError: no method matching tdvp(::typeof(solver), ::MPO, ::ComplexF64, ::MPS; nsweeps::Int64, reverse_step::Bool, normalize::Bool, maxdim::Int64, cutoff::Float64, outputlevel::Int64, nsite::Int64)

Closest candidates are:
  tdvp(::Any, !Matched::Number, !Matched::MPS; updater_backend, updater, reverse_step, time_step, time_start, nsweeps, nsteps, step_observer!, sweep_observer!, kwargs...)
   @ ITensorTDVP ~/.julia/packages/ITensorTDVP/9tEtn/src/tdvp.jl:66

Stacktrace:
 [1] main(; C::Int64, L::Int64, J1::Float64, J2::Float64, B::Float64, Δ1::Float64, Δ2::Float64, cutoff::Float64, δt::Float64, ttotal::Int64, maxdim::Int64, component::String)
   @ Main /global/u2/k/kwang98/QSL/J1_J2_triangular_gpu.jl:210
 [2] top-level scope
   @ /global/u2/k/kwang98/QSL/J1_J2_triangular_gpu.jl:273
in expression starting at /global/u2/k/kwang98/QSL/J1_J2_triangular_gpu.jl:273
srun: error: nid008541: task 0: Exited with exit code 1
srun: Terminating StepId=34172854.7
ERROR: LoadError: MethodError: no method matching tdvp(::typeof(solver), ::MPO, ::ComplexF64, ::MPS; nsweeps::Int64, reverse_step::Bool, normalize::Bool, maxdim::Int64, cutoff::Float64, outputlevel::Int64, nsite::Int64)

Closest candidates are:
  tdvp(::Any, !Matched::Number, !Matched::MPS; updater_backend, updater, reverse_step, time_step, time_start, nsweeps, nsteps, step_observer!, sweep_observer!, kwargs...)
   @ ITensorTDVP ~/.julia/packages/ITensorTDVP/9tEtn/src/tdvp.jl:66

Stacktrace:
 [1] main(; C::Int64, L::Int64, J1::Float64, J2::Float64, B::Float64, Δ1::Float64, Δ2::Float64, cutoff::Float64, δt::Float64, ttotal::Int64, maxdim::Int64, component::String)
   @ Main /global/u2/k/kwang98/QSL/J1_J2_triangular_gpu.jl:210
 [2] top-level scope
   @ /global/u2/k/kwang98/QSL/J1_J2_triangular_gpu.jl:273
in expression starting at /global/u2/k/kwang98/QSL/J1_J2_triangular_gpu.jl:273
srun: error: nid008544: task 0: Exited with exit code 1
srun: Terminating StepId=34172854.12
ERROR: LoadError: ERROR: LoadError: ERROR: LoadError: MethodError: no method matching tdvp(::typeof(solver), ::MPO, ::ComplexF64, ::MPS; nsweeps::Int64, reverse_step::Bool, normalize::Bool, maxdim::Int64, cutoff::Float64, outputlevel::Int64, nsite::Int64)

Closest candidates are:
  tdvp(::Any, !Matched::Number, !Matched::MPS; updater_backend, updater, reverse_step, time_step, time_start, nsweeps, nsteps, step_observer!, sweep_observer!, kwargs...)
   @ ITensorTDVP ~/.julia/packages/ITensorTDVP/9tEtn/src/tdvp.jl:66

Stacktrace:
 [1] main(; C::Int64, L::Int64, J1::Float64, J2::Float64, B::Float64, Δ1::Float64, Δ2::Float64, cutoff::Float64, δt::Float64, ttotal::Int64, maxdim::Int64, component::String)
   @ Main /global/u2/k/kwang98/QSL/J1_J2_triangular_gpu.jl:210
 [2] top-level scope
   @ /global/u2/k/kwang98/QSL/J1_J2_triangular_gpu.jl:273
in expression starting at /global/u2/k/kwang98/QSL/J1_J2_triangular_gpu.jl:273
srun: error: nid008529: task 0: Exited with exit code 1
srun: Terminating StepId=34172854.5
ERROR: LoadError: ERROR: LoadError: MethodError: no method matching tdvp(::typeof(solver), ::MPO, ::ComplexF64, ::MPS; MethodError: nsweeps::Int64, reverse_step::Bool, normalize::Bool, maxdim::Int64, cutoff::Float64, outputlevel::Int64, nsite::Int64)no method matching tdvp(::typeof(solver), ::MPO, ::ComplexF64, ::MPS; nsweeps::Int64, reverse_step::Bool, normalize::Bool, maxdim::Int64, cutoff::Float64, outputlevel::Int64, nsite::Int64)

Closest candidates are:
  tdvp(::Any, !Matched::Number, !Matched::MPS; updater_backend, updater, reverse_step, time_step, time_start, nsweeps, nsteps, step_observer!, sweep_observer!, kwargs...)
   @ ITensorTDVP ~/.julia/packages/ITensorTDVP/9tEtn/src/tdvp.jl:66

Stacktrace:
 [1] main(; C::Int64, L::Int64, J1::Float64, J2::Float64, B::Float64, Δ1::Float64, Δ2::Float64, cutoff::Float64, δt::Float64, ttotal::Int64, maxdim::Int64, component::String)
   @ Main /global/u2/k/kwang98/QSL/J1_J2_triangular_gpu.jl:210
 [2] top-level scope
   @ /global/u2/k/kwang98/QSL/J1_J2_triangular_gpu.jl:273
in expression starting at /global/u2/k/kwang98/QSL/J1_J2_triangular_gpu.jl:273


Closest candidates are:
  tdvp(::Any, !Matched::Number, !Matched::MPS; updater_backend, updater, reverse_step, time_step, time_start, nsweeps, nsteps, step_observer!, sweep_observer!, kwargs...)
   @ ITensorTDVP ~/.julia/packages/ITensorTDVP/9tEtn/src/tdvp.jl:66

Stacktrace:
 [1] main(; C::Int64, L::Int64, J1::Float64, J2::Float64, B::Float64, Δ1::Float64, Δ2::Float64, cutoff::Float64, δt::Float64, ttotal::Int64, maxdim::Int64, component::String)
   @ Main /global/u2/k/kwang98/QSL/J1_J2_triangular_gpu.jl:210
 [2] top-level scope
   @ /global/u2/k/kwang98/QSL/J1_J2_triangular_gpu.jl:273
in expression starting at /global/u2/k/kwang98/QSL/J1_J2_triangular_gpu.jl:273
srun: error: nid008545: task 0: Exited with exit code 1
srun: Terminating StepId=34172854.3
srun: error: nid008544: task 0: Exited with exit code 1
srun: Terminating StepId=34172854.2
MethodError: no method matching tdvp(::typeof(solver), ::MPO, ::ComplexF64, ::MPS; MethodError: nsweeps::Int64, reverse_step::Bool, normalize::Bool, maxdim::Int64, cutoff::Float64, outputlevel::Int64, nsite::Int64)no method matching tdvp(::typeof(solver), ::MPO, ::ComplexF64, ::MPS; nsweeps::Int64, reverse_step::Bool, normalize::Bool, maxdim::Int64, cutoff::Float64, outputlevel::Int64, nsite::Int64)

Closest candidates are:
  tdvp(::Any, !Matched::Number, !Matched::MPS; updater_backend, updater, reverse_step, time_step, time_start, nsweeps, nsteps, step_observer!, sweep_observer!, kwargs...)
   @ ITensorTDVP ~/.julia/packages/ITensorTDVP/9tEtn/src/tdvp.jl:66

Stacktrace:
 [1] main(; C::Int64, L::Int64, J1::Float64, J2::Float64, B::Float64, Δ1::Float64, Δ2::Float64, cutoff::Float64, δt::Float64, ttotal::Int64, maxdim::Int64, component::String)
   @ Main /global/u2/k/kwang98/QSL/J1_J2_triangular_gpu.jl:210
 [2] top-level scope
   @ /global/u2/k/kwang98/QSL/J1_J2_triangular_gpu.jl:273
in expression starting at /global/u2/k/kwang98/QSL/J1_J2_triangular_gpu.jl:273


Closest candidates are:
  tdvp(::Any, !Matched::Number, !Matched::MPS; updater_backend, updater, reverse_step, time_step, time_start, nsweeps, nsteps, step_observer!, sweep_observer!, kwargs...)
   @ ITensorTDVP ~/.julia/packages/ITensorTDVP/9tEtn/src/tdvp.jl:66

Stacktrace:
 [1] main(; C::Int64, L::Int64, J1::Float64, J2::Float64, B::Float64, Δ1::Float64, Δ2::Float64, cutoff::Float64, δt::Float64, ttotal::Int64, maxdim::Int64, component::String)
   @ Main /global/u2/k/kwang98/QSL/J1_J2_triangular_gpu.jl:210
 [2] top-level scope
   @ /global/u2/k/kwang98/QSL/J1_J2_triangular_gpu.jl:273
in expression starting at /global/u2/k/kwang98/QSL/J1_J2_triangular_gpu.jl:273
srun: error: nid008541: task 0: Exited with exit code 1
srun: Terminating StepId=34172854.9
srun: error: nid008545: task 0: Exited with exit code 1
srun: Terminating StepId=34172854.13
ERROR: LoadError: MethodError: no method matching tdvp(::typeof(solver), ::MPO, ::ComplexF64, ::MPS; nsweeps::Int64, reverse_step::Bool, normalize::Bool, maxdim::Int64, cutoff::Float64, outputlevel::Int64, nsite::Int64)

Closest candidates are:
  tdvp(::Any, !Matched::Number, !Matched::MPS; updater_backend, updater, reverse_step, time_step, time_start, nsweeps, nsteps, step_observer!, sweep_observer!, kwargs...)
   @ ITensorTDVP ~/.julia/packages/ITensorTDVP/9tEtn/src/tdvp.jl:66

Stacktrace:
 [1] main(; C::Int64, L::Int64, J1::Float64, J2::Float64, B::Float64, Δ1::Float64, Δ2::Float64, cutoff::Float64, δt::Float64, ttotal::Int64, maxdim::Int64, component::String)
   @ Main /global/u2/k/kwang98/QSL/J1_J2_triangular_gpu.jl:210
 [2] top-level scope
   @ /global/u2/k/kwang98/QSL/J1_J2_triangular_gpu.jl:273
in expression starting at /global/u2/k/kwang98/QSL/J1_J2_triangular_gpu.jl:273
srun: error: nid008545: task 0: Exited with exit code 1
srun: Terminating StepId=34172854.14
ERROR: LoadError: MethodError: no method matching tdvp(::typeof(solver), ::MPO, ::ComplexF64, ::MPS; nsweeps::Int64, reverse_step::Bool, normalize::Bool, maxdim::Int64, cutoff::Float64, outputlevel::Int64, nsite::Int64)

Closest candidates are:
  tdvp(::Any, !Matched::Number, !Matched::MPS; updater_backend, updater, reverse_step, time_step, time_start, nsweeps, nsteps, step_observer!, sweep_observer!, kwargs...)
   @ ITensorTDVP ~/.julia/packages/ITensorTDVP/9tEtn/src/tdvp.jl:66

Stacktrace:
 [1] main(; C::Int64, L::Int64, J1::Float64, J2::Float64, B::Float64, Δ1::Float64, Δ2::Float64, cutoff::Float64, δt::Float64, ttotal::Int64, maxdim::Int64, component::String)
   @ Main /global/u2/k/kwang98/QSL/J1_J2_triangular_gpu.jl:210
 [2] top-level scope
   @ /global/u2/k/kwang98/QSL/J1_J2_triangular_gpu.jl:273
in expression starting at /global/u2/k/kwang98/QSL/J1_J2_triangular_gpu.jl:273
srun: error: nid008544: task 0: Exited with exit code 1
srun: Terminating StepId=34172854.10
ERROR: LoadError: MethodError: no method matching tdvp(::typeof(solver), ::MPO, ::ComplexF64, ::MPS; nsweeps::Int64, reverse_step::Bool, normalize::Bool, maxdim::Int64, cutoff::Float64, outputlevel::Int64, nsite::Int64)

Closest candidates are:
  tdvp(::Any, !Matched::Number, !Matched::MPS; updater_backend, updater, reverse_step, time_step, time_start, nsweeps, nsteps, step_observer!, sweep_observer!, kwargs...)
   @ ITensorTDVP ~/.julia/packages/ITensorTDVP/9tEtn/src/tdvp.jl:66

Stacktrace:
 [1] main(; C::Int64, L::Int64, J1::Float64, J2::Float64, B::Float64, Δ1::Float64, Δ2::Float64, cutoff::Float64, δt::Float64, ttotal::Int64, maxdim::Int64, component::String)
   @ Main /global/u2/k/kwang98/QSL/J1_J2_triangular_gpu.jl:210
 [2] top-level scope
   @ /global/u2/k/kwang98/QSL/J1_J2_triangular_gpu.jl:273
in expression starting at /global/u2/k/kwang98/QSL/J1_J2_triangular_gpu.jl:273
srun: error: nid008529: task 0: Exited with exit code 1
srun: Terminating StepId=34172854.6
ERROR: LoadError: MethodError: no method matching tdvp(::typeof(solver), ::MPO, ::ComplexF64, ::MPS; nsweeps::Int64, reverse_step::Bool, normalize::Bool, maxdim::Int64, cutoff::Float64, outputlevel::Int64, nsite::Int64)

Closest candidates are:
  tdvp(::Any, !Matched::Number, !Matched::MPS; updater_backend, updater, reverse_step, time_step, time_start, nsweeps, nsteps, step_observer!, sweep_observer!, kwargs...)
   @ ITensorTDVP ~/.julia/packages/ITensorTDVP/9tEtn/src/tdvp.jl:66

Stacktrace:
 [1] main(; C::Int64, L::Int64, J1::Float64, J2::Float64, B::Float64, Δ1::Float64, Δ2::Float64, cutoff::Float64, δt::Float64, ttotal::Int64, maxdim::Int64, component::String)
   @ Main /global/u2/k/kwang98/QSL/J1_J2_triangular_gpu.jl:210
 [2] top-level scope
   @ /global/u2/k/kwang98/QSL/J1_J2_triangular_gpu.jl:273
in expression starting at /global/u2/k/kwang98/QSL/J1_J2_triangular_gpu.jl:273
srun: error: nid008541: task 0: Exited with exit code 1
srun: Terminating StepId=34172854.8
