ERROR: LoadError: HDF5.API.H5Error: Error creating file /pscratch/sd/k/kwang98/QSL/C8_L24_J0.0_B0.0_1Delta1.0_2Delta1.0_chi512_dt0.1.h5
libhdf5 Stacktrace:
 [1] H5FD__sec2_open: File accessibility/Unable to open file
     unable to open file: name = '/pscratch/sd/k/kwang98/QSL/C8_L24_J0.0_B0.0_1Delta1.0_2Delta1.0_chi512_dt0.1.h5', errno = 13, error message = 'Permission denied', flags = 13, o_flags = 242
  ⋮
Stacktrace:
 [1] macro expansion
   @ ~/.julia/packages/HDF5/MIuzl/src/api/error.jl:18 [inlined]
 [2] h5f_create(pathname::String, flags::UInt16, fcpl_id::HDF5.FileCreateProperties, fapl_id::HDF5.FileAccessProperties)
   @ HDF5.API ~/.julia/packages/HDF5/MIuzl/src/api/functions.jl:1088
 [3] h5open(filename::String, mode::String, fapl::HDF5.FileAccessProperties, fcpl::HDF5.FileCreateProperties; swmr::Bool)
   @ HDF5 ~/.julia/packages/HDF5/MIuzl/src/file.jl:43
 [4] h5open
   @ ~/.julia/packages/HDF5/MIuzl/src/file.jl:20 [inlined]
 [5] h5open(filename::String, mode::String; swmr::Bool, fapl::HDF5.FileAccessProperties, fcpl::HDF5.FileCreateProperties, pv::Base.Pairs{Symbol, Union{}, Tuple{}, NamedTuple{(), Tuple{}}})
   @ HDF5 ~/.julia/packages/HDF5/MIuzl/src/file.jl:72
 [6] h5open(filename::String, mode::String)
   @ HDF5 ~/.julia/packages/HDF5/MIuzl/src/file.jl:60
 [7] main(; C::Int64, L::Int64, J1::Float64, J2::Float64, B::Float64, Δ1::Float64, Δ2::Float64, cutoff::Float64, δt::Float64, ttotal::Int64, maxdim::Int64)
   @ Main /global/u2/k/kwang98/QSL/J1_J2_triangular_gpu.jl:184
 [8] top-level scope
   @ /global/u2/k/kwang98/QSL/J1_J2_triangular_gpu.jl:239
in expression starting at /global/u2/k/kwang98/QSL/J1_J2_triangular_gpu.jl:239
