srun: warning: can't run 1 processes on 2 nodes, setting nnodes to 1
srun: warning: can't run 1 processes on 2 nodes, setting nnodes to 1
srun: warning: can't run 1 processes on 2 nodes, setting nnodes to 1
srun: warning: can't run 1 processes on 2 nodes, setting nnodes to 1
srun: warning: can't run 1 processes on 2 nodes, setting nnodes to 1
ERROR: LoadError: SystemError: opening file "/global/homes/k/kwang98/.julia/packages/NDTensors/9WMtv/src/lib/SortedSets/src/SortedSetsSmallVectorsExt/smallset.jl": Not a directory
Stacktrace:
  [1] systemerror(p::String, errno::Int32; extrainfo::Nothing)
    @ Base ./error.jl:176
  [2] #systemerror#82
    @ ./error.jl:175 [inlined]
  [3] systemerror
    @ ./error.jl:175 [inlined]
  [4] open(fname::String; lock::Bool, read::Nothing, write::Nothing, create::Nothing, truncate::Nothing, append::Nothing)
    @ Base ./iostream.jl:293
  [5] open
    @ ./iostream.jl:275 [inlined]
  [6] open(f::Base.var"#418#419"{String}, args::String; kwargs::Base.Pairs{Symbol, Union{}, Tuple{}, NamedTuple{(), Tuple{}}})
    @ Base ./io.jl:393
  [7] open
    @ ./io.jl:392 [inlined]
  [8] read
    @ ./io.jl:473 [inlined]
  [9] _include(mapexpr::Function, mod::Module, _path::String)
    @ Base ./loading.jl:1959
 [10] include(mod::Module, _path::String)
    @ Base ./Base.jl:457
 [11] include(x::String)
    @ NDTensors.SortedSets ~/.julia/packages/NDTensors/9WMtv/src/lib/SortedSets/src/SortedSets.jl:1
 [12] top-level scope
    @ ~/.julia/packages/NDTensors/9WMtv/src/lib/SortedSets/src/SortedSets.jl:19
 [13] include(mod::Module, _path::String)
    @ Base ./Base.jl:457
 [14] include
    @ ~/.julia/packages/NDTensors/9WMtv/src/NDTensors.jl:1 [inlined]
 [15] top-level scope
    @ ~/.julia/packages/NDTensors/9WMtv/src/NDTensors.jl:44
 [16] include
    @ ./Base.jl:457 [inlined]
 [17] include_package_for_output(pkg::Base.PkgId, input::String, depot_path::Vector{String}, dl_load_path::Vector{String}, load_path::Vector{String}, concrete_deps::Vector{Pair{Base.PkgId, UInt128}}, source::String)
    @ Base ./loading.jl:2049
 [18] top-level scope
    @ stdin:3
in expression starting at /global/homes/k/kwang98/.julia/packages/NDTensors/9WMtv/src/lib/SortedSets/src/SortedSets.jl:1
in expression starting at /global/homes/k/kwang98/.julia/packages/NDTensors/9WMtv/src/NDTensors.jl:1
in expression starting at stdin:3
ERROR: LoadError: Failed to precompile NDTensors [23ae76d9-e61a-49c4-8f12-3f1a16adf9cf] to "/global/homes/k/kwang98/.julia/compiled/v1.9/NDTensors/jl_hw0ZpP".
Stacktrace:
  [1] error(s::String)
    @ Base ./error.jl:35
  [2] compilecache(pkg::Base.PkgId, path::String, internal_stderr::IO, internal_stdout::IO, keep_loaded_modules::Bool)
    @ Base ./loading.jl:2300
  [3] compilecache
    @ ./loading.jl:2167 [inlined]
  [4] _require(pkg::Base.PkgId, env::String)
    @ Base ./loading.jl:1805
  [5] _require_prelocked(uuidkey::Base.PkgId, env::String)
    @ Base ./loading.jl:1660
  [6] macro expansion
    @ ./loading.jl:1648 [inlined]
  [7] macro expansion
    @ ./lock.jl:267 [inlined]
  [8] require(into::Module, mod::Symbol)
    @ Base ./loading.jl:1611
  [9] include
    @ ./Base.jl:457 [inlined]
 [10] include_package_for_output(pkg::Base.PkgId, input::String, depot_path::Vector{String}, dl_load_path::Vector{String}, load_path::Vector{String}, concrete_deps::Vector{Pair{Base.PkgId, UInt128}}, source::String)
    @ Base ./loading.jl:2049
 [11] top-level scope
    @ stdin:3
in expression starting at /global/homes/k/kwang98/.julia/packages/ITensors/7KqSL/src/ITensors.jl:1
in expression starting at stdin:3
ERROR: LoadError: ERROR: ERROR: ERROR: LoadError: LoadError: LoadError: ERROR: LoadError: Failed to precompile ITensors [9136182c-28ba-11e9-034c-db9fb085ebd5] to "/global/homes/k/kwang98/.julia/compiled/v1.9/ITensors/jl_oDG5J1".
Stacktrace:
 [1] error(s::String)
   @ Base ./error.jl:35
 [2] compilecache(pkg::Base.PkgId, path::String, internal_stderr::IO, internal_stdout::IO, keep_loaded_modules::Bool)
   @ Base ./loading.jl:2300
 [3] compilecache
   @ ./loading.jl:2167 [inlined]
 [4] _require(pkg::Base.PkgId, env::String)
   @ Base ./loading.jl:1805
 [5] _require_prelocked(uuidkey::Base.PkgId, env::String)
   @ Base ./loading.jl:1660
 [6] macro expansion
   @ ./loading.jl:1648 [inlined]
 [7] macro expansion
   @ ./lock.jl:267 [inlined]
 [8] require(into::Module, mod::Symbol)
   @ Base ./loading.jl:1611
in expression starting at /global/u2/k/kwang98/QSL/J1_J2_triangular_gpu.jl:2
srun: error: nid008624: task 0: Exited with exit code 1
srun: Terminating StepId=21718149.0
SystemError: opening file "/global/homes/k/kwang98/.julia/packages/NDTensors/9WMtv/src/lib/SortedSets/src/SortedSetsSmallVectorsExt/smallset.jl": Not a directory
Stacktrace:
  [1] systemerror(SystemError: opening file "/global/homes/k/kwang98/.julia/packages/NDTensors/9WMtv/src/lib/SortedSets/src/SortedSetsSmallVectorsExt/smallset.jl": Not a directoryp::
Stacktrace:
  [1] systemerror(p::SystemError: opening file "/global/homes/k/kwang98/.julia/packages/NDTensors/9WMtv/src/lib/SortedSets/src/SortedSetsSmallVectorsExt/smallset.jl": Not a directory
Stacktrace:
  [1] systemerror(p::String, errno::Int32; extrainfo::Nothing)
    @ Base ./error.jl:176
  [2] #systemerror#82
    @ ./error.jl:175 [inlined]
String, errno::  [3] systemerror
Int32;     @ ./extrainfo::Nothing)
    @ error.jl:175 [inlined]
StringBase   [4] open(fname::, errno::./error.jl:176String; Int32; extrainfo::
lock::BoolNothing)
  [2] ,     @ Base#systemerror#82
    @ read:: ./error.jl:175 [inlined]Nothing, ./error.jl:176
write
  [3] systemerror::  [2] #systemerror#82
    @ ./Nothing, 
    @ error.jl:175 [inlined]
create::./error.jl:175 [inlined]  [4]Nothing, 
 truncate::Nothing open(,  [3] fname::append::systemerrorStringNothing
    @; )
 lock::    @ ./Bool, Baseerror.jl:175 [inlined]read:: 
Nothing./  [4], writeiostream.jl:293
 ::  [5] open(Nothing, openfnamecreate::
    @::Nothing String; , truncate./lock::iostream.jl:275 [inlined]::Nothing, 
Boolappend::  [6] , readNothing)open(f::::
Base.var"#418#419"{String}, args::String; Nothing    @ kwargs::, writeBase ./Base.Pairs::iostream.jl:293{Symbol, Union{}, Tuple{}, NamedTuple{(), Tuple{}}}Nothing, 
)
create::  [5]    @Nothing, truncate open
 Base::    @ Nothing,  ./append::./io.jl:393Nothing)iostream.jl:275

    @ [inlined]
  [7]   [6]  Baseopen(open
 f    @./:: iostream.jl:293Base.var"#418#419"./
{String}, io.jl:392  [5]args [inlined] open::

    @String  [8] ;  read./kwargs::
iostream.jl:275Base.Pairs    @ [inlined]
{Symbol, Union{}, Tuple{}, NamedTuple{(), Tuple{}}} ./  [6])io.jl:473 
    @  [inlined]
open(Base  [9] f:: _include(Base.var"#418#419"./mapexpr{String}io.jl:393::Function, , args
mod::::  [7]ModuleString , ; kwargsopen
_path::::    @StringBase.Pairs ){Symbol, Union{}, Tuple{}, NamedTuple{(), Tuple{}}}./
)io.jl:392    @ 
 [inlined]Base     @ 
./Base  [8]loading.jl:1959
   [10] ./read
includeio.jl:393    @ (mod::Module, _path::
./String)
 io.jl:473    @ [7] [inlined]
 Base    [9]./Base.jl:457open 
 [11]
    @_include(  mapexpr::include./Function, (xio.jl:392mod:: [inlined]
::String  [8]Module)
    @ ,  NDTensors.SortedSetsread
_path:: ~/.julia/packages/NDTensors/9WMtv/src/lib/SortedSets/src/    @StringSortedSets.jl:1 )
./
    @ [12]io.jl:473  top-level scope [inlined]
Base
    @  [9]   ./~/.julia/packages/NDTensors/9WMtv/src/lib/SortedSets/src/_include(loading.jl:1959SortedSets.jl:19mapexpr

:: [10]  [13]Function, include mod(include::mod(modModule, _path::String::::)
ModuleModule    @, , _path _path::::Base StringString)./)

loading.jl:1959    @    @ Base 
 Base./Base.jl:457 [10] 
 ./ [14]includeBase.jl:457 (mod::
include
Module [11]    @ , _path ~/.julia/packages/NDTensors/9WMtv/src/::StringincludeNDTensors.jl:1 [inlined])
(x
    @ :: [15]Base String) top-level scope./

    @Base.jl:457    @  
NDTensors.SortedSets~/.julia/packages/NDTensors/9WMtv/src/ [11] NDTensors.jl:44 include~/.julia/packages/NDTensors/9WMtv/src/lib/SortedSets/src/
(x::SortedSets.jl:1 [16]String)

     @ [12]include
 NDTensors.SortedSets  top-level scope    @~/.julia/packages/NDTensors/9WMtv/src/lib/SortedSets/src/
    @ ./SortedSets.jl:1 ~/.julia/packages/NDTensors/9WMtv/src/lib/SortedSets/src/Base.jl:457 [inlined]
SortedSets.jl:19
 [12]
  top-level scope [13][17] 
    @ include_package_for_output( include(pkg~/.julia/packages/NDTensors/9WMtv/src/lib/SortedSets/src/mod::SortedSets.jl:19
::Base.PkgId [13]Module, , input _path::::include(modString)
String, ::    @ depot_path::Module, Base Vector_path./{String}, ::Base.jl:457dl_load_path::String)
Vector{String}
    @ [14],  Base load_path:: includeVector{String}./
    @, Base.jl:457
 concrete_deps:: [14]~/.julia/packages/NDTensors/9WMtv/src/ NDTensors.jl:1 [inlined]include

    @  [15]~/.julia/packages/NDTensors/9WMtv/src/ top-level scopeNDTensors.jl:1
    @ [inlined]
  [15]~/.julia/packages/NDTensors/9WMtv/src/ top-level scopeNDTensors.jl:44
    @
  [16]~/.julia/packages/NDTensors/9WMtv/src/ NDTensors.jl:44include

    @  ./[16] Base.jl:457 [inlined]include

    @ [17] Vector{Pair{Base.PkgId, UInt128}} include_package_for_output(, ./pkg::source::Base.jl:457 [inlined]Base.PkgIdString)
, 
 [17]input::    @  StringBaseinclude_package_for_output(, depot_path pkg::Base.PkgId::./, Vectorloading.jl:2049input::{String}, 
Stringdl_load_path:: [18], depot_pathVector top-level scope::{String}, 
    @Vectorload_path:: stdin:3{String}, Vector{String}
in expression starting at /global/homes/k/kwang98/.julia/packages/NDTensors/9WMtv/src/lib/SortedSets/src/SortedSets.jl:1dl_load_path::, 
in expression starting at /global/homes/k/kwang98/.julia/packages/NDTensors/9WMtv/src/NDTensors.jl:1Vector{String}concrete_deps::
in expression starting at stdin:3
, Vector{Pair{Base.PkgId, UInt128}}load_path::, Vector{String}source::, Stringconcrete_deps::)
Vector    @{Pair{Base.PkgId, UInt128}},  source::BaseString )./
    @loading.jl:2049 Base
  [18]./ top-level scopeloading.jl:2049
    @
  [18]stdin:3 top-level scope
in expression starting at /global/homes/k/kwang98/.julia/packages/NDTensors/9WMtv/src/lib/SortedSets/src/SortedSets.jl:1
    @
in expression starting at /global/homes/k/kwang98/.julia/packages/NDTensors/9WMtv/src/NDTensors.jl:1 
in expression starting at stdin:3
stdin:3
in expression starting at /global/homes/k/kwang98/.julia/packages/NDTensors/9WMtv/src/lib/SortedSets/src/SortedSets.jl:1
in expression starting at /global/homes/k/kwang98/.julia/packages/NDTensors/9WMtv/src/NDTensors.jl:1
in expression starting at stdin:3
SystemError: opening file "/global/homes/k/kwang98/.julia/packages/NDTensors/9WMtv/src/lib/SortedSets/src/SortedSetsSmallVectorsExt/smallset.jl": Not a directory
Stacktrace:
  [1] systemerror(p::String, errno::Int32; extrainfo::Nothing)
    @ Base ./error.jl:176
  [2] #systemerror#82
    @ ./error.jl:175 [inlined]
  [3] systemerror
    @ ./error.jl:175 [inlined]
  [4] open(fname::String; lock::Bool, read::Nothing, write::Nothing, create::Nothing, truncate::Nothing, append::Nothing)
    @ Base ./iostream.jl:293
  [5] open
    @ ./iostream.jl:275 [inlined]
  [6] open(f::Base.var"#418#419"{String}, args::String; kwargs::Base.Pairs{Symbol, Union{}, Tuple{}, NamedTuple{(), Tuple{}}})
    @ Base ./io.jl:393
  [7] open
    @ ./io.jl:392 [inlined]
  [8] read
    @ ./io.jl:473 [inlined]
  [9] _include(mapexpr::Function, mod::Module, _path::String)
    @ Base ./loading.jl:1959
 [10] include(mod::Module, _path::String)
    @ Base ./Base.jl:457
 [11] include(x::String)
    @ NDTensors.SortedSets ~/.julia/packages/NDTensors/9WMtv/src/lib/SortedSets/src/SortedSets.jl:1
 [12] top-level scope
    @ ~/.julia/packages/NDTensors/9WMtv/src/lib/SortedSets/src/SortedSets.jl:19
 [13] include(mod::Module, _path::String)
    @ Base ./Base.jl:457
 [14] include
    @ ~/.julia/packages/NDTensors/9WMtv/src/NDTensors.jl:1 [inlined]
 [15] top-level scope
    @ ~/.julia/packages/NDTensors/9WMtv/src/NDTensors.jl:44
 [16] include
    @ ./Base.jl:457 [inlined]
 [17] include_package_for_output(pkg::Base.PkgId, input::String, depot_path::Vector{String}, dl_load_path::Vector{String}, load_path::Vector{String}, concrete_deps::Vector{Pair{Base.PkgId, UInt128}}, source::String)
    @ Base ./loading.jl:2049
 [18] top-level scope
    @ stdin:3
in expression starting at /global/homes/k/kwang98/.julia/packages/NDTensors/9WMtv/src/lib/SortedSets/src/SortedSets.jl:1
in expression starting at /global/homes/k/kwang98/.julia/packages/NDTensors/9WMtv/src/NDTensors.jl:1
in expression starting at stdin:3
ERROR: ERROR: ERROR: LoadError: LoadError: LoadError: ERROR: LoadError: Failed to precompile NDTensors [23ae76d9-e61a-49c4-8f12-3f1a16adf9cf] to "/global/homes/k/kwang98/.julia/compiled/v1.9/NDTensors/jl_pxIPIQ".
Stacktrace:
  [1] error(s::Failed to precompile NDTensors [23ae76d9-e61a-49c4-8f12-3f1a16adf9cf] to "/global/homes/k/kwang98/.julia/compiled/v1.9/NDTensors/jl_jdVkF0".
Stacktrace:
  [1] error(s::String)
    @ Base ./error.jl:35
  [2] compilecache(pkg::Base.PkgId, path::String, internal_stderr::IO, Failed to precompile NDTensors [23ae76d9-e61a-49c4-8f12-3f1a16adf9cf] to "/global/homes/k/kwang98/.julia/compiled/v1.9/NDTensors/jl_BhkSnU".internal_stdout::IO, keep_loaded_modules::
Stacktrace:
Bool)
  [1]     @error(s Base:: ./loading.jl:2300
  [3] compilecache
    @ ./loading.jl:2167 [inlined]
  [4] _require(pkg::Base.PkgId, env::String)
    @ Base ./loading.jl:1805
  [5] _require_prelocked(uuidkey::Base.PkgId, String)env::String)

    @    @ Base ./ Baseerror.jl:35
   [2] ./loading.jl:1660compilecache(pkg::Base.PkgId, 
path:: String [6] , internal_stderr::macro expansion
IO,     @ internal_stdout::./loading.jl:1648 [inlined]IO, 
  [7] keep_loaded_modules::Bool)macro expansion
    @
    @ ./ Baselock.jl:267 [inlined]
  ./loading.jl:2300 [8]
   [3]require( into::compilecache
Module,     @ mod::./Symbol)
loading.jl:2167 [inlined]    @ Base
 ./  [4]loading.jl:1611 
_require(  [9]pkg:: include
Base.PkgId,     @ env::./String)Base.jl:457
    @ [inlined]
 String Base[10] include_package_for_output()
 pkg::    @ Base ./Base.PkgId, ./error.jl:35loading.jl:1805input::

String,   [2]  depot_pathcompilecache( [5] ::pkg::_require_prelockedVector{String}Base.PkgId, (, dl_load_path::path::uuidkey::Vector{String}String, Base.PkgId, load_path::internal_stderr, envVector{String}::::, concrete_depsIO, String)::Vectorinternal_stdout::
    @{Pair{Base.PkgId, UInt128}}, IO Basesource::, keep_loaded_modules ./loading.jl:1660String)::

    @Bool)  [6] Base
    @   Basemacro expansion
./     @ loading.jl:2049././
 [11]loading.jl:2300
loading.jl:1648 top-level scope  [3]  [inlined]

    @compilecache
  [7]     @  stdin:3./macro expansion

in expression starting at /global/homes/k/kwang98/.julia/packages/ITensors/7KqSL/src/ITensors.jl:1loading.jl:2167 [inlined]    @ 
in expression starting at stdin:3

./ lock.jl:267 [inlined] [4] 
_require( pkg:: [8] Base.PkgIdrequire(into::, envModule::, modString)::
    @Symbol Base)
     @ ./Base loading.jl:1805./
loading.jl:1611  [5]
 _require_prelocked(  [9]uuidkey include::
    @Base.PkgId,  ./env::Base.jl:457 [inlined]
String)
     @ [10] Base include_package_for_output(./pkg::loading.jl:1660Base.PkgId
, input :: [6]String,  macro expansiondepot_path::
    @Vector {String}, ./loading.jl:1648dl_load_path:: [inlined]
Vector  [7]{String},  load_path::macro expansion
Vector{String}    @ , ./concrete_deps::lock.jl:267 [inlined]Vector
{Pair{Base.PkgId, UInt128}},   [8]source:: Stringrequire()
into::    @ ModuleBase, mod ::./loading.jl:2049Symbol)

    @ [11] Base top-level scope 
    @./ loading.jl:1611stdin:3

in expression starting at /global/homes/k/kwang98/.julia/packages/ITensors/7KqSL/src/ITensors.jl:1
  [9]in expression starting at stdin:3 
include
    @ ./Base.jl:457 [inlined]
 [10] include_package_for_output(pkg::Base.PkgId, input::String, depot_path::Vector{String}, dl_load_path::Vector{String}, load_path::Vector{String}, concrete_deps::Vector{Pair{Base.PkgId, UInt128}}, source::String)
    @ Base ./loading.jl:2049
 [11] top-level scope
    @ stdin:3
in expression starting at /global/homes/k/kwang98/.julia/packages/ITensors/7KqSL/src/ITensors.jl:1
in expression starting at stdin:3
Failed to precompile NDTensors [23ae76d9-e61a-49c4-8f12-3f1a16adf9cf] to "/global/homes/k/kwang98/.julia/compiled/v1.9/NDTensors/jl_aseOVl".
Stacktrace:
  [1] error(s::String)
    @ Base ./error.jl:35
  [2] compilecache(pkg::Base.PkgId, path::String, internal_stderr::IO, internal_stdout::IO, keep_loaded_modules::Bool)
    @ Base ./loading.jl:2300
  [3] compilecache
    @ ./loading.jl:2167 [inlined]
  [4] _require(pkg::Base.PkgId, env::String)
    @ Base ./loading.jl:1805
  [5] _require_prelocked(uuidkey::Base.PkgId, env::String)
    @ Base ./loading.jl:1660
  [6] macro expansion
    @ ./loading.jl:1648 [inlined]
  [7] macro expansion
    @ ./lock.jl:267 [inlined]
  [8] require(into::Module, mod::Symbol)
    @ Base ./loading.jl:1611
  [9] include
    @ ./Base.jl:457 [inlined]
 [10] include_package_for_output(pkg::Base.PkgId, input::String, depot_path::Vector{String}, dl_load_path::Vector{String}, load_path::Vector{String}, concrete_deps::Vector{Pair{Base.PkgId, UInt128}}, source::String)
    @ Base ./loading.jl:2049
 [11] top-level scope
    @ stdin:3
in expression starting at /global/homes/k/kwang98/.julia/packages/ITensors/7KqSL/src/ITensors.jl:1
in expression starting at stdin:3
ERROR: ERROR: ERROR: LoadError: LoadError: LoadError: ERROR: LoadError: Failed to precompile ITensors [9136182c-28ba-11e9-034c-db9fb085ebd5] to "/global/homes/k/kwang98/.julia/compiled/v1.9/ITensors/jl_devknX".
Stacktrace:
 [1] error(s::Failed to precompile ITensors [9136182c-28ba-11e9-034c-db9fb085ebd5] to "/global/homes/k/kwang98/.julia/compiled/v1.9/ITensors/jl_JtW7sa".
Stacktrace:
 [1] error(s::Failed to precompile ITensors [9136182c-28ba-11e9-034c-db9fb085ebd5] to "/global/homes/k/kwang98/.julia/compiled/v1.9/ITensors/jl_kbKDHh".
Stacktrace:
 [1] error(s::String)
   @ Base ./error.jl:35
 [2] compilecache(pkg::Base.PkgId, path::String, internal_stderr::IO, internal_stdout::IO, keep_loaded_modules::Bool)
   @ Base ./loading.jl:2300
 [3] compilecache
   @ ./loading.jl:2167 [inlined]
 [4] _require(pkg::Base.PkgId, env::String)
   @ Base ./loading.jl:1805
 [5] _require_prelocked(uuidkey::Base.PkgId, env::String)
   @ Base String)
   @ ./loading.jl:1660Base 
./error.jl:35
 [6] [2]  macro expansion
compilecache   @ (pkg./loading.jl:1648 [inlined]
::Base.PkgId,  path::String, internal_stderr[7] ::IO, internal_stdoutmacro expansion
   @ ./lock.jl:267 [inlined]
 ::IO, keep_loaded_modulesString)
   @ [8] require(::Bool)
Base into::   @ Base ./error.jl:35
Module, ./loading.jl:2300
 [2]mod::  Symbol[3] compilecache(pkg)compilecache
   @::
   @ ./Base.PkgId,  loading.jl:2167 [inlined]
path::Base [4] String,  ./_require(pkg::internal_stderr::loading.jl:1611Base.PkgId, env::IO, 
in expression starting at /global/u2/k/kwang98/QSL/J1_J2_triangular_gpu.jl:2String)internal_stdout::

   @IO,  Basekeep_loaded_modules:: ./Bool)loading.jl:1805
   @
 Base [5] ./ loading.jl:2300_require_prelocked(uuidkey::
Base.PkgId,  env::[3] String)compilecache

   @   @  Base ././loading.jl:1660
loading.jl:2167 [inlined]
 [6] [4] macro expansion 
   @_require( ./loading.jl:1648pkg:: [inlined]
Base.PkgId,  [7]env:: macro expansionString)
   @
   @  Base./lock.jl:267 ./ [inlined]
loading.jl:1805 [8]
  [5]require( into::Module_require_prelocked(, mod::uuidkey::Symbol)Base.PkgId, 
   @env:: BaseString)
    @ ./Base loading.jl:1611./loading.jl:1660
in expression starting at /global/u2/k/kwang98/QSL/J1_J2_triangular_gpu.jl:2

 [6] macro expansion
   @ ./loading.jl:1648 [inlined]
 [7] macro expansion
   @ ./lock.jl:267 [inlined]
 [8] require(into::Module, mod::Symbol)
   @ Base ./loading.jl:1611
in expression starting at /global/u2/k/kwang98/QSL/J1_J2_triangular_gpu.jl:2
srun: error: nid008624: task 0: Exited with exit code 1
srun: error: nid008624: task 0: Exited with exit code 1
srun: Terminating StepId=21718149.3
srun: Terminating StepId=21718149.2
srun: error: nid008624: task 0: Exited with exit code 1
srun: Terminating StepId=21718149.4
Failed to precompile ITensors [9136182c-28ba-11e9-034c-db9fb085ebd5] to "/global/homes/k/kwang98/.julia/compiled/v1.9/ITensors/jl_XTlVER".
Stacktrace:
 [1] error(s::String)
   @ Base ./error.jl:35
 [2] compilecache(pkg::Base.PkgId, path::String, internal_stderr::IO, internal_stdout::IO, keep_loaded_modules::Bool)
   @ Base ./loading.jl:2300
 [3] compilecache
   @ ./loading.jl:2167 [inlined]
 [4] _require(pkg::Base.PkgId, env::String)
   @ Base ./loading.jl:1805
 [5] _require_prelocked(uuidkey::Base.PkgId, env::String)
   @ Base ./loading.jl:1660
 [6] macro expansion
   @ ./loading.jl:1648 [inlined]
 [7] macro expansion
   @ ./lock.jl:267 [inlined]
 [8] require(into::Module, mod::Symbol)
   @ Base ./loading.jl:1611
in expression starting at /global/u2/k/kwang98/QSL/J1_J2_triangular_gpu.jl:2
srun: error: nid008677: task 0: Exited with exit code 1
srun: Terminating StepId=21718149.1
