ERROR: LoadError: cannot create dataset: object "Ms" already exists at /
Stacktrace:
  [1] error(::String, ::String, ::String, ::String)
    @ Base ./error.jl:44
  [2] create_dataset(parent::HDF5.File, path::String, dtype::HDF5.Datatype, dspace::HDF5.Dataspace; dcpl::HDF5.DatasetCreateProperties, dxpl::HDF5.DatasetTransferProperties, dapl::HDF5.DatasetAccessProperties, pv::Base.Pairs{Symbol, Union{}, Tuple{}, NamedTuple{(), Tuple{}}})
    @ HDF5 ~/.julia/packages/HDF5/Z859u/src/datasets.jl:64
  [3] create_dataset
    @ ~/.julia/packages/HDF5/Z859u/src/datasets.jl:54 [inlined]
  [4] create_dataset(parent::HDF5.File, name::String, data::Vector{Float64}; pv::Base.Pairs{Symbol, Union{}, Tuple{}, NamedTuple{(), Tuple{}}})
    @ HDF5 ~/.julia/packages/HDF5/Z859u/src/datasets.jl:299
  [5] create_dataset
    @ ~/.julia/packages/HDF5/Z859u/src/datasets.jl:293 [inlined]
  [6] write_dataset(parent::HDF5.File, name::String, data::Vector{Float64}; pv::Base.Pairs{Symbol, Union{}, Tuple{}, NamedTuple{(), Tuple{}}})
    @ HDF5 ~/.julia/packages/HDF5/Z859u/src/datasets.jl:318
  [7] write_dataset
    @ ~/.julia/packages/HDF5/Z859u/src/datasets.jl:315 [inlined]
  [8] #write#62
    @ ~/.julia/packages/HDF5/Z859u/src/datasets.jl:342 [inlined]
  [9] write
    @ ~/.julia/packages/HDF5/Z859u/src/datasets.jl:342 [inlined]
 [10] #setindex!#115
    @ ~/.julia/packages/HDF5/Z859u/src/highlevel.jl:107 [inlined]
 [11] setindex!
    @ ~/.julia/packages/HDF5/Z859u/src/highlevel.jl:90 [inlined]
 [12] main(; C::Int64, L::Int64, J1::Float64, J2::Float64, B::Float64, Δ1::Float64, Δ2::Float64, cutoff::Float64, maxdim::Int64)
    @ Main /global/u2/k/kwang98/QSL/ground_state_search.jl:146
 [13] top-level scope
    @ /global/u2/k/kwang98/QSL/ground_state_search.jl:171
in expression starting at /global/u2/k/kwang98/QSL/ground_state_search.jl:171
