srun: Job 15175490 step creation temporarily disabled, retrying (Requested nodes are busy)
srun: Job 15175490 step creation temporarily disabled, retrying (Requested nodes are busy)
srun: Job 15175490 step creation temporarily disabled, retrying (Requested nodes are busy)
srun: Job 15175490 step creation temporarily disabled, retrying (Requested nodes are busy)
srun: Job 15175490 step creation temporarily disabled, retrying (Requested nodes are busy)
srun: Job 15175490 step creation temporarily disabled, retrying (Requested nodes are busy)
srun: Job 15175490 step creation still disabled, retrying (Requested nodes are busy)
srun: Job 15175490 step creation still disabled, retrying (Requested nodes are busy)
srun: Job 15175490 step creation still disabled, retrying (Requested nodes are busy)
srun: Job 15175490 step creation still disabled, retrying (Requested nodes are busy)
srun: Job 15175490 step creation still disabled, retrying (Requested nodes are busy)
srun: Job 15175490 step creation still disabled, retrying (Requested nodes are busy)
srun: Job 15175490 step creation still disabled, retrying (Requested nodes are busy)
srun: Job 15175490 step creation still disabled, retrying (Requested nodes are busy)
srun: Job 15175490 step creation still disabled, retrying (Requested nodes are busy)
srun: Job 15175490 step creation still disabled, retrying (Requested nodes are busy)
srun: Job 15175490 step creation still disabled, retrying (Requested nodes are busy)
srun: Job 15175490 step creation still disabled, retrying (Requested nodes are busy)
srun: Job 15175490 step creation still disabled, retrying (Requested nodes are busy)
srun: Job 15175490 step creation still disabled, retrying (Requested nodes are busy)
srun: Job 15175490 step creation still disabled, retrying (Requested nodes are busy)
srun: Job 15175490 step creation still disabled, retrying (Requested nodes are busy)
srun: Job 15175490 step creation still disabled, retrying (Requested nodes are busy)
srun: Job 15175490 step creation still disabled, retrying (Requested nodes are busy)
srun: Job 15175490 step creation still disabled, retrying (Requested nodes are busy)
srun: Job 15175490 step creation still disabled, retrying (Requested nodes are busy)
srun: Job 15175490 step creation still disabled, retrying (Requested nodes are busy)
srun: Job 15175490 step creation still disabled, retrying (Requested nodes are busy)
srun: Job 15175490 step creation still disabled, retrying (Requested nodes are busy)
srun: Job 15175490 step creation still disabled, retrying (Requested nodes are busy)
srun: Job 15175490 step creation still disabled, retrying (Requested nodes are busy)
srun: Job 15175490 step creation still disabled, retrying (Requested nodes are busy)
srun: Job 15175490 step creation still disabled, retrying (Requested nodes are busy)
srun: Job 15175490 step creation still disabled, retrying (Requested nodes are busy)
srun: Job 15175490 step creation still disabled, retrying (Requested nodes are busy)
srun: Job 15175490 step creation still disabled, retrying (Requested nodes are busy)
srun: Job 15175490 step creation still disabled, retrying (Requested nodes are busy)
srun: Job 15175490 step creation still disabled, retrying (Requested nodes are busy)
srun: Job 15175490 step creation still disabled, retrying (Requested nodes are busy)
srun: Job 15175490 step creation still disabled, retrying (Requested nodes are busy)
srun: Job 15175490 step creation still disabled, retrying (Requested nodes are busy)
srun: Job 15175490 step creation still disabled, retrying (Requested nodes are busy)
srun: Job 15175490 step creation still disabled, retrying (Requested nodes are busy)
srun: Job 15175490 step creation still disabled, retrying (Requested nodes are busy)
srun: Job 15175490 step creation still disabled, retrying (Requested nodes are busy)
srun: Job 15175490 step creation still disabled, retrying (Requested nodes are busy)
srun: Job 15175490 step creation still disabled, retrying (Requested nodes are busy)
srun: Job 15175490 step creation still disabled, retrying (Requested nodes are busy)
srun: Job 15175490 step creation still disabled, retrying (Requested nodes are busy)
srun: Job 15175490 step creation still disabled, retrying (Requested nodes are busy)
srun: Job 15175490 step creation still disabled, retrying (Requested nodes are busy)
srun: Job 15175490 step creation still disabled, retrying (Requested nodes are busy)
srun: Job 15175490 step creation still disabled, retrying (Requested nodes are busy)
srun: Job 15175490 step creation still disabled, retrying (Requested nodes are busy)
srun: Job 15175490 step creation still disabled, retrying (Requested nodes are busy)
srun: Job 15175490 step creation still disabled, retrying (Requested nodes are busy)
srun: Job 15175490 step creation still disabled, retrying (Requested nodes are busy)
srun: Job 15175490 step creation still disabled, retrying (Requested nodes are busy)
srun: Job 15175490 step creation still disabled, retrying (Requested nodes are busy)
srun: Job 15175490 step creation still disabled, retrying (Requested nodes are busy)
srun: Job 15175490 step creation still disabled, retrying (Requested nodes are busy)
srun: Job 15175490 step creation still disabled, retrying (Requested nodes are busy)
srun: Job 15175490 step creation still disabled, retrying (Requested nodes are busy)
srun: Job 15175490 step creation still disabled, retrying (Requested nodes are busy)
srun: Job 15175490 step creation still disabled, retrying (Requested nodes are busy)
srun: Job 15175490 step creation still disabled, retrying (Requested nodes are busy)
srun: Job 15175490 step creation still disabled, retrying (Requested nodes are busy)
srun: Job 15175490 step creation still disabled, retrying (Requested nodes are busy)
srun: Job 15175490 step creation still disabled, retrying (Requested nodes are busy)
srun: Job 15175490 step creation still disabled, retrying (Requested nodes are busy)
srun: Job 15175490 step creation still disabled, retrying (Requested nodes are busy)
srun: Job 15175490 step creation still disabled, retrying (Requested nodes are busy)
srun: Job 15175490 step creation still disabled, retrying (Requested nodes are busy)
srun: Job 15175490 step creation still disabled, retrying (Requested nodes are busy)
srun: Job 15175490 step creation still disabled, retrying (Requested nodes are busy)
srun: Job 15175490 step creation still disabled, retrying (Requested nodes are busy)
srun: Job 15175490 step creation still disabled, retrying (Requested nodes are busy)
srun: Job 15175490 step creation still disabled, retrying (Requested nodes are busy)
srun: Job 15175490 step creation still disabled, retrying (Requested nodes are busy)
srun: Job 15175490 step creation still disabled, retrying (Requested nodes are busy)
srun: Job 15175490 step creation still disabled, retrying (Requested nodes are busy)
srun: Job 15175490 step creation still disabled, retrying (Requested nodes are busy)
srun: Job 15175490 step creation still disabled, retrying (Requested nodes are busy)
srun: Job 15175490 step creation still disabled, retrying (Requested nodes are busy)
srun: Job 15175490 step creation still disabled, retrying (Requested nodes are busy)
srun: Job 15175490 step creation still disabled, retrying (Requested nodes are busy)
srun: Job 15175490 step creation still disabled, retrying (Requested nodes are busy)
srun: Job 15175490 step creation still disabled, retrying (Requested nodes are busy)
srun: Job 15175490 step creation still disabled, retrying (Requested nodes are busy)
srun: Job 15175490 step creation still disabled, retrying (Requested nodes are busy)
srun: Job 15175490 step creation still disabled, retrying (Requested nodes are busy)
srun: Job 15175490 step creation still disabled, retrying (Requested nodes are busy)
srun: Job 15175490 step creation still disabled, retrying (Requested nodes are busy)
srun: Job 15175490 step creation still disabled, retrying (Requested nodes are busy)
srun: Job 15175490 step creation still disabled, retrying (Requested nodes are busy)
srun: Job 15175490 step creation still disabled, retrying (Requested nodes are busy)
srun: Job 15175490 step creation still disabled, retrying (Requested nodes are busy)
srun: Job 15175490 step creation still disabled, retrying (Requested nodes are busy)
srun: Job 15175490 step creation still disabled, retrying (Requested nodes are busy)
srun: Job 15175490 step creation still disabled, retrying (Requested nodes are busy)
srun: Job 15175490 step creation still disabled, retrying (Requested nodes are busy)
srun: Job 15175490 step creation still disabled, retrying (Requested nodes are busy)
srun: Job 15175490 step creation still disabled, retrying (Requested nodes are busy)
srun: Job 15175490 step creation still disabled, retrying (Requested nodes are busy)
srun: Job 15175490 step creation still disabled, retrying (Requested nodes are busy)
srun: Job 15175490 step creation still disabled, retrying (Requested nodes are busy)
srun: Job 15175490 step creation still disabled, retrying (Requested nodes are busy)
srun: Job 15175490 step creation still disabled, retrying (Requested nodes are busy)
srun: Job 15175490 step creation still disabled, retrying (Requested nodes are busy)
srun: Job 15175490 step creation still disabled, retrying (Requested nodes are busy)
srun: Job 15175490 step creation still disabled, retrying (Requested nodes are busy)
srun: Job 15175490 step creation still disabled, retrying (Requested nodes are busy)
slurmstepd: error: *** STEP 15175490.3 ON nid008348 CANCELLED AT 2023-09-08T22:01:00 ***
slurmstepd: error: *** STEP 15175490.1 ON nid008348 CANCELLED AT 2023-09-08T22:01:00 ***
slurmstepd: error: *** STEP 15175490.2 ON nid008348 CANCELLED AT 2023-09-08T22:01:00 ***
slurmstepd: error: *** STEP 15175490.0 ON nid008348 CANCELLED AT 2023-09-08T22:01:00 ***

slurmstepd: error: *** JOB 15175490 ON nid008348 CANCELLED AT 2023-09-08T22:01:00 ***
[1114231] signal (15): Terminated
in expression starting at /global/u2/k/kwang98/QSL/J1_J2_triangular_gpu.jl:226
srun: Job 15175490 step creation still disabled, retrying (Requested nodes are busy)

[1112911] signal (15): Terminated
