ERROR: LoadError: HDF5.API.H5Error: Error creating file /pscratch/sd/k/kwang98/QSL/C6_L36_J0.03_B0.0_1Delta1.0_2Delta1.0_chi512_dt0.1.h5
libhdf5 Stacktrace:
 [1] H5F__super_read: File accessibility/File has been truncated
     truncated file: eof = 96, sblock->base_addr = 0, stored_eof = 2048
  ⋮
Stacktrace:
 [1] macro expansion
   @ ~/.julia/packages/HDF5/MIuzl/src/api/error.jl:18 [inlined]
 [2] h5f_create(pathname::String, flags::UInt16, fcpl_id::HDF5.FileCreateProperties, fapl_id::HDF5.FileAccessProperties)
   @ HDF5.API ~/.julia/packages/HDF5/MIuzl/src/api/functions.jl:1088
 [3] h5open(filename::String, mode::String, fapl::HDF5.FileAccessProperties, fcpl::HDF5.FileCreateProperties; swmr::Bool)
   @ HDF5 ~/.julia/packages/HDF5/MIuzl/src/file.jl:43
 [4] h5open
   @ ~/.julia/packages/HDF5/MIuzl/src/file.jl:20 [inlined]
 [5] h5open(filename::String, mode::String; swmr::Bool, fapl::HDF5.FileAccessProperties, fcpl::HDF5.FileCreateProperties, pv::Base.Pairs{Symbol, Union{}, Tuple{}, NamedTuple{(), Tuple{}}})
   @ HDF5 ~/.julia/packages/HDF5/MIuzl/src/file.jl:72
 [6] h5open(filename::String, mode::String)
   @ HDF5 ~/.julia/packages/HDF5/MIuzl/src/file.jl:60
 [7] main(; C::Int64, L::Int64, J1::Float64, J2::Float64, B::Float64, Δ1::Float64, Δ2::Float64, cutoff::Float64, δt::Float64, ttotal::Int64, maxdim::Int64)
   @ Main /global/u2/k/kwang98/QSL/J1_J2_triangular_gpu.jl:184
 [8] top-level scope
   @ /global/u2/k/kwang98/QSL/J1_J2_triangular_gpu.jl:239
in expression starting at /global/u2/k/kwang98/QSL/J1_J2_triangular_gpu.jl:239
srun: error: nid008549: task 0: Exited with exit code 1
srun: Terminating StepId=16431205.1
ERROR: LoadError: HDF5.API.H5Error: Error creating file /pscratch/sd/k/kwang98/QSL/C6_L36_J0.03_B0.0_1Delta1.0_2Delta1.0_chi512_dt0.1.h5
libhdf5 Stacktrace:
 [1] H5F__super_read: File accessibility/Not an HDF5 file
     file signature not found
  ⋮
Stacktrace:
 [1] macro expansion
   @ ~/.julia/packages/HDF5/MIuzl/src/api/error.jl:18 [inlined]
 [2] h5f_create(pathname::String, flags::UInt16, fcpl_id::HDF5.FileCreateProperties, fapl_id::HDF5.FileAccessProperties)
   @ HDF5.API ~/.julia/packages/HDF5/MIuzl/src/api/functions.jl:1088
 [3] h5open(filename::String, mode::String, fapl::HDF5.FileAccessProperties, fcpl::HDF5.FileCreateProperties; swmr::Bool)
   @ HDF5 ~/.julia/packages/HDF5/MIuzl/src/file.jl:43
 [4] h5open
   @ ~/.julia/packages/HDF5/MIuzl/src/file.jl:20 [inlined]
 [5] h5open(filename::String, mode::String; swmr::Bool, fapl::HDF5.FileAccessProperties, fcpl::HDF5.FileCreateProperties, pv::Base.Pairs{Symbol, Union{}, Tuple{}, NamedTuple{(), Tuple{}}})
   @ HDF5 ~/.julia/packages/HDF5/MIuzl/src/file.jl:72
 [6] h5open(filename::String, mode::String)
   @ HDF5 ~/.julia/packages/HDF5/MIuzl/src/file.jl:60
 [7] main(; C::Int64, L::Int64, J1::Float64, J2::Float64, B::Float64, Δ1::Float64, Δ2::Float64, cutoff::Float64, δt::Float64, ttotal::Int64, maxdim::Int64)
   @ Main /global/u2/k/kwang98/QSL/J1_J2_triangular_gpu.jl:184
 [8] top-level scope
   @ /global/u2/k/kwang98/QSL/J1_J2_triangular_gpu.jl:239
in expression starting at /global/u2/k/kwang98/QSL/J1_J2_triangular_gpu.jl:239
srun: error: nid008549: task 0: Exited with exit code 1
srun: Terminating StepId=16431205.3
ERROR: LoadError: HDF5.API.H5Error: Error creating file /pscratch/sd/k/kwang98/QSL/C6_L36_J0.03_B0.0_1Delta1.0_2Delta1.0_chi512_dt0.1.h5
libhdf5 Stacktrace:
 [1] H5F__super_read: File accessibility/Not an HDF5 file
     file signature not found
  ⋮
Stacktrace:
 [1] macro expansion
   @ ~/.julia/packages/HDF5/MIuzl/src/api/error.jl:18 [inlined]
 [2] h5f_create(pathname::String, flags::UInt16, fcpl_id::HDF5.FileCreateProperties, fapl_id::HDF5.FileAccessProperties)
   @ HDF5.API ~/.julia/packages/HDF5/MIuzl/src/api/functions.jl:1088
 [3] h5open(filename::String, mode::String, fapl::HDF5.FileAccessProperties, fcpl::HDF5.FileCreateProperties; swmr::Bool)
   @ HDF5 ~/.julia/packages/HDF5/MIuzl/src/file.jl:43
 [4] h5open
   @ ~/.julia/packages/HDF5/MIuzl/src/file.jl:20 [inlined]
 [5] h5open(filename::String, mode::String; swmr::Bool, fapl::HDF5.FileAccessProperties, fcpl::HDF5.FileCreateProperties, pv::Base.Pairs{Symbol, Union{}, Tuple{}, NamedTuple{(), Tuple{}}})
   @ HDF5 ~/.julia/packages/HDF5/MIuzl/src/file.jl:72
 [6] h5open(filename::String, mode::String)
   @ HDF5 ~/.julia/packages/HDF5/MIuzl/src/file.jl:60
 [7] main(; C::Int64, L::Int64, J1::Float64, J2::Float64, B::Float64, Δ1::Float64, Δ2::Float64, cutoff::Float64, δt::Float64, ttotal::Int64, maxdim::Int64)
   @ Main /global/u2/k/kwang98/QSL/J1_J2_triangular_gpu.jl:184
 [8] top-level scope
   @ /global/u2/k/kwang98/QSL/J1_J2_triangular_gpu.jl:239
in expression starting at /global/u2/k/kwang98/QSL/J1_J2_triangular_gpu.jl:239
srun: error: nid008549: task 0: Exited with exit code 1
srun: Terminating StepId=16431205.0
slurmstepd: error: *** STEP 16431205.2 ON nid008549 CANCELLED AT 2023-10-01T14:19:22 DUE TO TIME LIMIT ***
slurmstepd: error: *** JOB 16431205 ON nid008549 CANCELLED AT 2023-10-01T14:19:22 DUE TO TIME LIMIT ***

[1383625] signal (15): Terminated
in expression starting at /global/u2/k/kwang98/QSL/J1_J2_triangular_gpu.jl:239
