srun: Job 15177451 step creation temporarily disabled, retrying (Requested nodes are busy)
srun: Job 15177451 step creation temporarily disabled, retrying (Requested nodes are busy)
srun: Job 15177451 step creation temporarily disabled, retrying (Requested nodes are busy)
srun: Job 15177451 step creation temporarily disabled, retrying (Requested nodes are busy)
srun: Job 15177451 step creation temporarily disabled, retrying (Requested nodes are busy)
srun: Job 15177451 step creation temporarily disabled, retrying (Requested nodes are busy)
srun: Job 15177451 step creation still disabled, retrying (Requested nodes are busy)
srun: Job 15177451 step creation still disabled, retrying (Requested nodes are busy)
srun: Job 15177451 step creation still disabled, retrying (Requested nodes are busy)
srun: Job 15177451 step creation still disabled, retrying (Requested nodes are busy)
srun: Job 15177451 step creation still disabled, retrying (Requested nodes are busy)
srun: Job 15177451 step creation still disabled, retrying (Requested nodes are busy)
srun: Job 15177451 step creation still disabled, retrying (Requested nodes are busy)
srun: Job 15177451 step creation still disabled, retrying (Requested nodes are busy)
srun: Job 15177451 step creation still disabled, retrying (Requested nodes are busy)
srun: Job 15177451 step creation still disabled, retrying (Requested nodes are busy)
srun: Job 15177451 step creation still disabled, retrying (Requested nodes are busy)
srun: Job 15177451 step creation still disabled, retrying (Requested nodes are busy)
srun: Job 15177451 step creation still disabled, retrying (Requested nodes are busy)
srun: Job 15177451 step creation still disabled, retrying (Requested nodes are busy)
srun: Job 15177451 step creation still disabled, retrying (Requested nodes are busy)
srun: Job 15177451 step creation still disabled, retrying (Requested nodes are busy)
srun: Job 15177451 step creation still disabled, retrying (Requested nodes are busy)
srun: Job 15177451 step creation still disabled, retrying (Requested nodes are busy)
srun: Job 15177451 step creation still disabled, retrying (Requested nodes are busy)
srun: Job 15177451 step creation still disabled, retrying (Requested nodes are busy)
srun: Job 15177451 step creation still disabled, retrying (Requested nodes are busy)
srun: Job 15177451 step creation still disabled, retrying (Requested nodes are busy)
srun: Job 15177451 step creation still disabled, retrying (Requested nodes are busy)
srun: Job 15177451 step creation still disabled, retrying (Requested nodes are busy)
srun: Job 15177451 step creation still disabled, retrying (Requested nodes are busy)
srun: Job 15177451 step creation still disabled, retrying (Requested nodes are busy)
srun: Job 15177451 step creation still disabled, retrying (Requested nodes are busy)
srun: Job 15177451 step creation still disabled, retrying (Requested nodes are busy)
srun: Job 15177451 step creation still disabled, retrying (Requested nodes are busy)
srun: Job 15177451 step creation still disabled, retrying (Requested nodes are busy)
srun: Job 15177451 step creation still disabled, retrying (Requested nodes are busy)
srun: Job 15177451 step creation still disabled, retrying (Requested nodes are busy)
srun: Job 15177451 step creation still disabled, retrying (Requested nodes are busy)
srun: Job 15177451 step creation still disabled, retrying (Requested nodes are busy)
srun: Job 15177451 step creation still disabled, retrying (Requested nodes are busy)
srun: Job 15177451 step creation still disabled, retrying (Requested nodes are busy)
srun: Job 15177451 step creation still disabled, retrying (Requested nodes are busy)
srun: Job 15177451 step creation still disabled, retrying (Requested nodes are busy)
srun: Job 15177451 step creation still disabled, retrying (Requested nodes are busy)
srun: Job 15177451 step creation still disabled, retrying (Requested nodes are busy)
srun: Job 15177451 step creation still disabled, retrying (Requested nodes are busy)
srun: Job 15177451 step creation still disabled, retrying (Requested nodes are busy)
srun: Job 15177451 step creation still disabled, retrying (Requested nodes are busy)
srun: Job 15177451 step creation still disabled, retrying (Requested nodes are busy)
srun: Job 15177451 step creation still disabled, retrying (Requested nodes are busy)
srun: Job 15177451 step creation still disabled, retrying (Requested nodes are busy)
srun: Job 15177451 step creation still disabled, retrying (Requested nodes are busy)
srun: Job 15177451 step creation still disabled, retrying (Requested nodes are busy)
srun: Job 15177451 step creation still disabled, retrying (Requested nodes are busy)
srun: Job 15177451 step creation still disabled, retrying (Requested nodes are busy)
srun: Job 15177451 step creation still disabled, retrying (Requested nodes are busy)
srun: Job 15177451 step creation still disabled, retrying (Requested nodes are busy)
srun: Job 15177451 step creation still disabled, retrying (Requested nodes are busy)
srun: Job 15177451 step creation still disabled, retrying (Requested nodes are busy)
srun: Job 15177451 step creation still disabled, retrying (Requested nodes are busy)
srun: Job 15177451 step creation still disabled, retrying (Requested nodes are busy)
srun: Job 15177451 step creation still disabled, retrying (Requested nodes are busy)
srun: Job 15177451 step creation still disabled, retrying (Requested nodes are busy)
srun: Job 15177451 step creation still disabled, retrying (Requested nodes are busy)
srun: Job 15177451 step creation still disabled, retrying (Requested nodes are busy)
srun: Job 15177451 step creation still disabled, retrying (Requested nodes are busy)
srun: Job 15177451 step creation still disabled, retrying (Requested nodes are busy)
srun: Job 15177451 step creation still disabled, retrying (Requested nodes are busy)
srun: Job 15177451 step creation still disabled, retrying (Requested nodes are busy)
srun: Job 15177451 step creation still disabled, retrying (Requested nodes are busy)
srun: Job 15177451 step creation still disabled, retrying (Requested nodes are busy)
srun: Job 15177451 step creation still disabled, retrying (Requested nodes are busy)
srun: Job 15177451 step creation still disabled, retrying (Requested nodes are busy)
srun: Job 15177451 step creation still disabled, retrying (Requested nodes are busy)
srun: Job 15177451 step creation still disabled, retrying (Requested nodes are busy)
srun: Job 15177451 step creation still disabled, retrying (Requested nodes are busy)
srun: Job 15177451 step creation still disabled, retrying (Requested nodes are busy)
srun: Job 15177451 step creation still disabled, retrying (Requested nodes are busy)
srun: Job 15177451 step creation still disabled, retrying (Requested nodes are busy)
srun: Job 15177451 step creation still disabled, retrying (Requested nodes are busy)
srun: Job 15177451 step creation still disabled, retrying (Requested nodes are busy)
srun: Job 15177451 step creation still disabled, retrying (Requested nodes are busy)
srun: Job 15177451 step creation still disabled, retrying (Requested nodes are busy)
srun: Job 15177451 step creation still disabled, retrying (Requested nodes are busy)
srun: Job 15177451 step creation still disabled, retrying (Requested nodes are busy)
srun: Job 15177451 step creation still disabled, retrying (Requested nodes are busy)
srun: Job 15177451 step creation still disabled, retrying (Requested nodes are busy)
srun: Job 15177451 step creation still disabled, retrying (Requested nodes are busy)
srun: Job 15177451 step creation still disabled, retrying (Requested nodes are busy)
srun: Job 15177451 step creation still disabled, retrying (Requested nodes are busy)
srun: Job 15177451 step creation still disabled, retrying (Requested nodes are busy)
srun: Job 15177451 step creation still disabled, retrying (Requested nodes are busy)
srun: Job 15177451 step creation still disabled, retrying (Requested nodes are busy)
srun: Job 15177451 step creation still disabled, retrying (Requested nodes are busy)
srun: Job 15177451 step creation still disabled, retrying (Requested nodes are busy)
srun: Job 15177451 step creation still disabled, retrying (Requested nodes are busy)
srun: Job 15177451 step creation still disabled, retrying (Requested nodes are busy)
srun: Job 15177451 step creation still disabled, retrying (Requested nodes are busy)
srun: Job 15177451 step creation still disabled, retrying (Requested nodes are busy)
srun: Job 15177451 step creation still disabled, retrying (Requested nodes are busy)
srun: Job 15177451 step creation still disabled, retrying (Requested nodes are busy)
srun: Job 15177451 step creation still disabled, retrying (Requested nodes are busy)
srun: Job 15177451 step creation still disabled, retrying (Requested nodes are busy)
srun: Job 15177451 step creation still disabled, retrying (Requested nodes are busy)
srun: Job 15177451 step creation still disabled, retrying (Requested nodes are busy)
srun: Job 15177451 step creation still disabled, retrying (Requested nodes are busy)
srun: Job 15177451 step creation still disabled, retrying (Requested nodes are busy)
srun: Job 15177451 step creation still disabled, retrying (Requested nodes are busy)
srun: Job 15177451 step creation still disabled, retrying (Requested nodes are busy)
srun: Job 15177451 step creation still disabled, retrying (Requested nodes are busy)
srun: Job 15177451 step creation still disabled, retrying (Requested nodes are busy)
srun: Job 15177451 step creation still disabled, retrying (Requested nodes are busy)
srun: Job 15177451 step creation still disabled, retrying (Requested nodes are busy)
srun: Job 15177451 step creation still disabled, retrying (Requested nodes are busy)
srun: Job 15177451 step creation still disabled, retrying (Requested nodes are busy)
srun: Job 15177451 step creation still disabled, retrying (Requested nodes are busy)
srun: Job 15177451 step creation still disabled, retrying (Requested nodes are busy)
srun: Job 15177451 step creation still disabled, retrying (Requested nodes are busy)
srun: Job 15177451 step creation still disabled, retrying (Requested nodes are busy)
srun: Job 15177451 step creation still disabled, retrying (Requested nodes are busy)
srun: Job 15177451 step creation still disabled, retrying (Requested nodes are busy)
srun: Job 15177451 step creation still disabled, retrying (Requested nodes are busy)
srun: Job 15177451 step creation still disabled, retrying (Requested nodes are busy)
srun: Job 15177451 step creation still disabled, retrying (Requested nodes are busy)
srun: Job 15177451 step creation still disabled, retrying (Requested nodes are busy)
srun: Job 15177451 step creation still disabled, retrying (Requested nodes are busy)
srun: Job 15177451 step creation still disabled, retrying (Requested nodes are busy)
srun: Job 15177451 step creation still disabled, retrying (Requested nodes are busy)
srun: Job 15177451 step creation still disabled, retrying (Requested nodes are busy)
srun: Job 15177451 step creation still disabled, retrying (Requested nodes are busy)
srun: Job 15177451 step creation still disabled, retrying (Requested nodes are busy)
srun: Job 15177451 step creation still disabled, retrying (Requested nodes are busy)
srun: Job 15177451 step creation still disabled, retrying (Requested nodes are busy)
srun: Job 15177451 step creation still disabled, retrying (Requested nodes are busy)
srun: Job 15177451 step creation still disabled, retrying (Requested nodes are busy)
srun: Job 15177451 step creation still disabled, retrying (Requested nodes are busy)
srun: Job 15177451 step creation still disabled, retrying (Requested nodes are busy)
srun: Job 15177451 step creation still disabled, retrying (Requested nodes are busy)
srun: Job 15177451 step creation still disabled, retrying (Requested nodes are busy)
srun: Job 15177451 step creation still disabled, retrying (Requested nodes are busy)
srun: Job 15177451 step creation still disabled, retrying (Requested nodes are busy)
srun: Job 15177451 step creation still disabled, retrying (Requested nodes are busy)
srun: Job 15177451 step creation still disabled, retrying (Requested nodes are busy)
srun: Job 15177451 step creation still disabled, retrying (Requested nodes are busy)
srun: Job 15177451 step creation still disabled, retrying (Requested nodes are busy)
srun: Job 15177451 step creation still disabled, retrying (Requested nodes are busy)
srun: Job 15177451 step creation still disabled, retrying (Requested nodes are busy)
srun: Job 15177451 step creation still disabled, retrying (Requested nodes are busy)
srun: Job 15177451 step creation still disabled, retrying (Requested nodes are busy)
srun: Job 15177451 step creation still disabled, retrying (Requested nodes are busy)
srun: Job 15177451 step creation still disabled, retrying (Requested nodes are busy)
srun: Job 15177451 step creation still disabled, retrying (Requested nodes are busy)
srun: Job 15177451 step creation still disabled, retrying (Requested nodes are busy)
srun: Job 15177451 step creation still disabled, retrying (Requested nodes are busy)
srun: Job 15177451 step creation still disabled, retrying (Requested nodes are busy)
srun: Job 15177451 step creation still disabled, retrying (Requested nodes are busy)
srun: Job 15177451 step creation still disabled, retrying (Requested nodes are busy)
srun: Job 15177451 step creation still disabled, retrying (Requested nodes are busy)
srun: Job 15177451 step creation still disabled, retrying (Requested nodes are busy)
srun: Job 15177451 step creation still disabled, retrying (Requested nodes are busy)
srun: Job 15177451 step creation still disabled, retrying (Requested nodes are busy)
srun: Job 15177451 step creation still disabled, retrying (Requested nodes are busy)
srun: Job 15177451 step creation still disabled, retrying (Requested nodes are busy)
srun: Job 15177451 step creation still disabled, retrying (Requested nodes are busy)
srun: Job 15177451 step creation still disabled, retrying (Requested nodes are busy)
srun: Job 15177451 step creation still disabled, retrying (Requested nodes are busy)
srun: Job 15177451 step creation still disabled, retrying (Requested nodes are busy)
srun: Job 15177451 step creation still disabled, retrying (Requested nodes are busy)
srun: Job 15177451 step creation still disabled, retrying (Requested nodes are busy)
srun: Job 15177451 step creation still disabled, retrying (Requested nodes are busy)
srun: Job 15177451 step creation still disabled, retrying (Requested nodes are busy)
srun: Job 15177451 step creation still disabled, retrying (Requested nodes are busy)
srun: Job 15177451 step creation still disabled, retrying (Requested nodes are busy)
srun: Job 15177451 step creation still disabled, retrying (Requested nodes are busy)
srun: Job 15177451 step creation still disabled, retrying (Requested nodes are busy)
srun: Job 15177451 step creation still disabled, retrying (Requested nodes are busy)
srun: Job 15177451 step creation still disabled, retrying (Requested nodes are busy)
srun: Job 15177451 step creation still disabled, retrying (Requested nodes are busy)
srun: Job 15177451 step creation still disabled, retrying (Requested nodes are busy)
srun: Job 15177451 step creation still disabled, retrying (Requested nodes are busy)
srun: Job 15177451 step creation still disabled, retrying (Requested nodes are busy)
srun: Job 15177451 step creation still disabled, retrying (Requested nodes are busy)
srun: Job 15177451 step creation still disabled, retrying (Requested nodes are busy)
srun: Job 15177451 step creation still disabled, retrying (Requested nodes are busy)
srun: Job 15177451 step creation still disabled, retrying (Requested nodes are busy)
srun: Job 15177451 step creation still disabled, retrying (Requested nodes are busy)
srun: Job 15177451 step creation still disabled, retrying (Requested nodes are busy)
srun: Job 15177451 step creation still disabled, retrying (Requested nodes are busy)
srun: Job 15177451 step creation still disabled, retrying (Requested nodes are busy)
srun: Job 15177451 step creation still disabled, retrying (Requested nodes are busy)
srun: Job 15177451 step creation still disabled, retrying (Requested nodes are busy)
srun: Job 15177451 step creation still disabled, retrying (Requested nodes are busy)
srun: Job 15177451 step creation still disabled, retrying (Requested nodes are busy)
srun: Job 15177451 step creation still disabled, retrying (Requested nodes are busy)
srun: Job 15177451 step creation still disabled, retrying (Requested nodes are busy)
srun: Job 15177451 step creation still disabled, retrying (Requested nodes are busy)
srun: Job 15177451 step creation still disabled, retrying (Requested nodes are busy)
srun: Job 15177451 step creation still disabled, retrying (Requested nodes are busy)
srun: Job 15177451 step creation still disabled, retrying (Requested nodes are busy)
srun: Job 15177451 step creation still disabled, retrying (Requested nodes are busy)
srun: Job 15177451 step creation still disabled, retrying (Requested nodes are busy)
srun: Job 15177451 step creation still disabled, retrying (Requested nodes are busy)
srun: Job 15177451 step creation still disabled, retrying (Requested nodes are busy)
srun: Job 15177451 step creation still disabled, retrying (Requested nodes are busy)
srun: Job 15177451 step creation still disabled, retrying (Requested nodes are busy)
srun: Job 15177451 step creation still disabled, retrying (Requested nodes are busy)
srun: Job 15177451 step creation still disabled, retrying (Requested nodes are busy)
srun: Job 15177451 step creation still disabled, retrying (Requested nodes are busy)
srun: Job 15177451 step creation still disabled, retrying (Requested nodes are busy)
srun: Job 15177451 step creation still disabled, retrying (Requested nodes are busy)
srun: Job 15177451 step creation still disabled, retrying (Requested nodes are busy)
srun: Job 15177451 step creation still disabled, retrying (Requested nodes are busy)
srun: Job 15177451 step creation still disabled, retrying (Requested nodes are busy)
srun: Job 15177451 step creation still disabled, retrying (Requested nodes are busy)
srun: Job 15177451 step creation still disabled, retrying (Requested nodes are busy)
srun: Job 15177451 step creation still disabled, retrying (Requested nodes are busy)
srun: Job 15177451 step creation still disabled, retrying (Requested nodes are busy)
srun: Job 15177451 step creation still disabled, retrying (Requested nodes are busy)
srun: Job 15177451 step creation still disabled, retrying (Requested nodes are busy)
srun: Job 15177451 step creation still disabled, retrying (Requested nodes are busy)
srun: Job 15177451 step creation still disabled, retrying (Requested nodes are busy)
srun: Job 15177451 step creation still disabled, retrying (Requested nodes are busy)
srun: Job 15177451 step creation still disabled, retrying (Requested nodes are busy)
srun: Job 15177451 step creation still disabled, retrying (Requested nodes are busy)
srun: Job 15177451 step creation still disabled, retrying (Requested nodes are busy)
srun: Job 15177451 step creation still disabled, retrying (Requested nodes are busy)
srun: Job 15177451 step creation still disabled, retrying (Requested nodes are busy)
srun: Job 15177451 step creation still disabled, retrying (Requested nodes are busy)
srun: Job 15177451 step creation still disabled, retrying (Requested nodes are busy)
srun: Job 15177451 step creation still disabled, retrying (Requested nodes are busy)
srun: Job 15177451 step creation still disabled, retrying (Requested nodes are busy)
slurmstepd: error: *** STEP 15177451.3 ON nid008216 CANCELLED AT 2023-09-08T23:41:55 ***
slurmstepd: error: *** STEP 15177451.2 ON nid008216 CANCELLED AT 2023-09-08T23:41:55 ***
slurmstepd: error: *** STEP 15177451.0 ON nid008216 CANCELLED AT 2023-09-08T23:41:55 ***
slurmstepd: error: *** STEP 15177451.1 ON nid008216 CANCELLED AT 2023-09-08T23:41:55 ***
slurmstepd: error: *** JOB 15177451 ON nid008216 CANCELLED AT 2023-09-08T23:41:55 ***

[1087065] signal (15): Terminated
in expression starting at /global/u2/k/kwang98/QSL/J1_J2_triangular_gpu.jl:226
