┌ Warning: Calling `inner(x::MPS, A::MPO, y::MPS)` where the site indices of the `MPS`
│ `x` and the `MPS` resulting from contracting `MPO` `A` with `MPS` `y` don't
│ match is deprecated as of ITensors v0.3 and will result in an error in ITensors
│ v0.4. The most common cause of this is something like the following:
│ 
│ ```julia
│ s = siteinds("S=1/2")
│ psi = random_mps(s)
│ H = MPO(s, "Id")
│ inner(psi, H, psi)
│ ```
│ 
│ `psi` has the Index structure `-s-(psi)` and `H` has the Index structure
│ `-s'-(H)-s-`, so the Index structure of would be `(dag(psi)-s- -s'-(H)-s-(psi)`
│  unless the prime levels were fixed. Previously we tried fixing the prime level
│   in situations like this, but we will no longer be doing that going forward.
│ 
│ There are a few ways to fix this. You can simply change:
│ 
│ ```julia
│ inner(psi, H, psi)
│ ```
│ 
│ to:
│ 
│ ```julia
│ inner(psi', H, psi)
│ ```
│ 
│ in which case the Index structure will be `(dag(psi)-s'-(H)-s-(psi)`.
│ 
│ Alternatively, you can use the `Apply` function:
│ 
│ ```julia
│ 
│ inner(psi, Apply(H, psi))
│ ```
│ 
│ In this case, `Apply(H, psi)` represents the "lazy" evaluation of
│ `apply(H, psi)`. The function `apply(H, psi)` performs the contraction of
│ `H` with `psi` and then unprimes the results, so this versions ensures that
│ the prime levels of the inner product will match.
│ 
│ Although the new behavior seems less convenient, it makes it easier to
│ generalize `inner(::MPS, ::MPO, ::MPS)` to other types of inputs, like `MPS`
│ and `MPO` with different tag and prime conventions, multiple sites per tensor,
│ `ITensor` inputs, etc.
│ 
│ Stacktrace:
│   [1] warn_once(msg::String, funcsym::Symbol; force::Bool, stacktrace::Bool)
│     @ ITensors ~/.julia/packages/ITensors/SOADD/src/utils.jl:7
│   [2] warn_once
│     @ ~/.julia/packages/ITensors/SOADD/src/utils.jl:4 [inlined]
│   [3] deprecate_make_inds_match!(::typeof(ITensorMPS._log_or_not_dot), M1dag::MPS, M2::MPS, loginner::Bool; make_inds_match::Bool)
│     @ ITensorMPS ~/.julia/packages/ITensorMPS/kjso2/src/abstractmps.jl:1092
│   [4] deprecate_make_inds_match!
│     @ ~/.julia/packages/ITensorMPS/kjso2/src/abstractmps.jl:1057 [inlined]
│   [5] _log_or_not_dot(M1::MPS, M2::MPS, loginner::Bool; make_inds_match::Bool)
│     @ ITensorMPS ~/.julia/packages/ITensorMPS/kjso2/src/abstractmps.jl:1107
│   [6] _log_or_not_dot
│     @ ~/.julia/packages/ITensorMPS/kjso2/src/abstractmps.jl:1098 [inlined]
│   [7] #dot#381
│     @ ~/.julia/packages/ITensorMPS/kjso2/src/abstractmps.jl:1158 [inlined]
│   [8] dot
│     @ ~/.julia/packages/ITensorMPS/kjso2/src/abstractmps.jl:1157 [inlined]
│   [9] inner
│     @ ~/.julia/packages/ITensorMPS/kjso2/src/abstractmps.jl:1200 [inlined]
│  [10] main(; C::Int64, L::Int64, J1::Float64, B::Float64, Bperp::Float64, Δ1::Float64, Δ2::Float64, cutoff::Float32, maxdim::Int64)
│     @ Main /global/u2/k/kwang98/QSL/ground_state_search_gutzwiller.jl:206
│  [11] top-level scope
│     @ /global/u2/k/kwang98/QSL/ground_state_search_gutzwiller.jl:233
│  [12] include(mod::Module, _path::String)
│     @ Base ./Base.jl:306
│  [13] exec_options(opts::Base.JLOptions)
│     @ Base ./client.jl:317
│  [14] _start()
│     @ Base ./client.jl:550
│   caller = ip:0x0
└ @ Core :-1
